15:37:51 **** Build of configuration Debug for project cces_kernal ****
make all 
'Building file: ../system/startup_ldf/app_IVT.s'
'Invoking: CrossCore SHARC Assembler'
easm21k -file-attr ProjectName="cces_kernal" -proc ADSP-21569 -si-revision any -g -DCORE0 -D_DEBUG -DADI_MCAPI @includes-2f13e1c8eb2fda439e35da30f06a5124.txt -swc -char-size-8 -gnu-style-dependencies -MM -Mo "system/startup_ldf/app_IVT.d" -o "system/startup_ldf/app_IVT.doj" "../system/startup_ldf/app_IVT.s"
[Warning ea1155]  The following serial numbers are due to expire:
EVAL-CCES-R5DY-3J6E-DCMR-8NEK-R8C6-ZRSG-R601 expires today.


Assembler totals: 0 error(s) and 1 warning(s)
'Finished building: ../system/startup_ldf/app_IVT.s'
' '
'Building file: ../system/startup_ldf/app_heaptab.c'
'Invoking: CrossCore SHARC C/C++ Compiler'
cc21k -c -file-attr ProjectName="cces_kernal" -proc ADSP-21569 -flags-compiler --no_wrap_diagnostics -si-revision any -g -DCORE0 -D_DEBUG -DADI_MCAPI @includes-b24bc4da18c32f3a832fc0f47637a85c.txt -structs-do-not-overlap -no-const-strings -no-multiline -warn-protos -double-size-32 -char-size-8 -swc -gnu-style-dependencies -MD -Mo "system/startup_ldf/app_heaptab.d" -o "system/startup_ldf/app_heaptab.doj" "../system/startup_ldf/app_heaptab.c"
The following serial numbers are due to expire:
EVAL-CCES-R5DY-3J6E-DCMR-8NEK-R8C6-ZRSG-R601 expires today.

[Warning ea1155]  The following serial numbers are due to expire:
EVAL-CCES-R5DY-3J6E-DCMR-8NEK-R8C6-ZRSG-R601 expires today.


Assembler totals: 0 error(s) and 1 warning(s)
'Finished building: ../system/startup_ldf/app_heaptab.c'
' '
'Building file: ../system/startup_ldf/app_startup.s'
'Invoking: CrossCore SHARC Assembler'
easm21k -file-attr ProjectName="cces_kernal" -proc ADSP-21569 -si-revision any -g -DCORE0 -D_DEBUG -DADI_MCAPI @includes-2f13e1c8eb2fda439e35da30f06a5124.txt -swc -char-size-8 -gnu-style-dependencies -MM -Mo "system/startup_ldf/app_startup.d" -o "system/startup_ldf/app_startup.doj" "../system/startup_ldf/app_startup.s"
[Warning ea1155]  The following serial numbers are due to expire:
EVAL-CCES-R5DY-3J6E-DCMR-8NEK-R8C6-ZRSG-R601 expires today.


Assembler totals: 0 error(s) and 1 warning(s)
'Finished building: ../system/startup_ldf/app_startup.s'
' '
'Building file: ../system/sru/sru_config.c'
'Invoking: CrossCore SHARC C/C++ Compiler'
cc21k -c -file-attr ProjectName="cces_kernal" -proc ADSP-21569 -flags-compiler --no_wrap_diagnostics -si-revision any -g -DCORE0 -D_DEBUG -DADI_MCAPI @includes-b24bc4da18c32f3a832fc0f47637a85c.txt -structs-do-not-overlap -no-const-strings -no-multiline -warn-protos -double-size-32 -char-size-8 -swc -gnu-style-dependencies -MD -Mo "system/sru/sru_config.d" -o "system/sru/sru_config.doj" "../system/sru/sru_config.c"
The following serial numbers are due to expire:
EVAL-CCES-R5DY-3J6E-DCMR-8NEK-R8C6-ZRSG-R601 expires today.

[Warning ea1155]  The following serial numbers are due to expire:
EVAL-CCES-R5DY-3J6E-DCMR-8NEK-R8C6-ZRSG-R601 expires today.


Assembler totals: 0 error(s) and 1 warning(s)
'Finished building: ../system/sru/sru_config.c'
' '
'Building file: ../system/pinmux/GeneratedSources/pinmux_config.c'
'Invoking: CrossCore SHARC C/C++ Compiler'
cc21k -c -file-attr ProjectName="cces_kernal" -proc ADSP-21569 -flags-compiler --no_wrap_diagnostics -si-revision any -g -DCORE0 -D_DEBUG -DADI_MCAPI @includes-b24bc4da18c32f3a832fc0f47637a85c.txt -structs-do-not-overlap -no-const-strings -no-multiline -warn-protos -double-size-32 -char-size-8 -swc -gnu-style-dependencies -MD -Mo "system/pinmux/GeneratedSources/pinmux_config.d" -o "system/pinmux/GeneratedSources/pinmux_config.doj" "../system/pinmux/GeneratedSources/pinmux_config.c"
The following serial numbers are due to expire:
EVAL-CCES-R5DY-3J6E-DCMR-8NEK-R8C6-ZRSG-R601 expires today.

[Warning ea1155]  The following serial numbers are due to expire:
EVAL-CCES-R5DY-3J6E-DCMR-8NEK-R8C6-ZRSG-R601 expires today.


Assembler totals: 0 error(s) and 1 warning(s)
'Finished building: ../system/pinmux/GeneratedSources/pinmux_config.c'
' '
'Building file: ../system/mcapi/GeneratedSources/mcapi_config.c'
'Invoking: CrossCore SHARC C/C++ Compiler'
cc21k -c -file-attr ProjectName="cces_kernal" -proc ADSP-21569 -flags-compiler --no_wrap_diagnostics -si-revision any -g -DCORE0 -D_DEBUG -DADI_MCAPI @includes-b24bc4da18c32f3a832fc0f47637a85c.txt -structs-do-not-overlap -no-const-strings -no-multiline -warn-protos -double-size-32 -char-size-8 -swc -gnu-style-dependencies -MD -Mo "system/mcapi/GeneratedSources/mcapi_config.d" -o "system/mcapi/GeneratedSources/mcapi_config.doj" "../system/mcapi/GeneratedSources/mcapi_config.c"
The following serial numbers are due to expire:
EVAL-CCES-R5DY-3J6E-DCMR-8NEK-R8C6-ZRSG-R601 expires today.

[Warning ea1155]  The following serial numbers are due to expire:
EVAL-CCES-R5DY-3J6E-DCMR-8NEK-R8C6-ZRSG-R601 expires today.


Assembler totals: 0 error(s) and 1 warning(s)
'Finished building: ../system/mcapi/GeneratedSources/mcapi_config.c'
' '
'Building file: ../system/adi_initialize.c'
'Invoking: CrossCore SHARC C/C++ Compiler'
cc21k -c -file-attr ProjectName="cces_kernal" -proc ADSP-21569 -flags-compiler --no_wrap_diagnostics -si-revision any -g -DCORE0 -D_DEBUG -DADI_MCAPI @includes-b24bc4da18c32f3a832fc0f47637a85c.txt -structs-do-not-overlap -no-const-strings -no-multiline -warn-protos -double-size-32 -char-size-8 -swc -gnu-style-dependencies -MD -Mo "system/adi_initialize.d" -o "system/adi_initialize.doj" "../system/adi_initialize.c"
The following serial numbers are due to expire:
EVAL-CCES-R5DY-3J6E-DCMR-8NEK-R8C6-ZRSG-R601 expires today.

[Warning ea1155]  The following serial numbers are due to expire:
EVAL-CCES-R5DY-3J6E-DCMR-8NEK-R8C6-ZRSG-R601 expires today.


Assembler totals: 0 error(s) and 1 warning(s)
'Finished building: ../system/adi_initialize.c'
' '
'Building target: cces_kernal.dxe'
'Invoking: CrossCore SHARC Linker'
cc21k -proc ADSP-21569 -si-revision any -T D:/CCES_Porting_Training/CCES_Porting_Training/Build_CCES/cces_kernal/system/startup_ldf/app.ldf -no-mem -L D:/CCES_Porting_Training/CCES_Porting_Training/Build_CCES/cces_kernal/Debug/system/startup_ldf -flags-link -MDCORE0,-MDDEBUG -add-debug-libpaths -o cces_kernal.dxe @input-file.txt

[Error li1021]  The following symbols referenced in processor '21569_CORE0_SHARC0' could not be resolved:
        'main [_main]' referenced from 'libc.dlb[main_ba.doj]'
        'mcapi_initialize [mcapi_initialize.]' referenced from 'system\mcapi\GeneratedSources\mcapi_config.doj'

Linker finished with 1 error 
cc3089: fatal error: Link failed (code:1)
make: *** [makefile:96: cces_kernal.dxe] Error 1

15:37:56 Build Failed. 2 errors, 0 warnings. (took 4s.581ms)

