16:05:17 **** Build of configuration Debug for project Kernel ****
make all 
'Building file: ../system/startup_ldf/app_IVT.s'
'Invoking: CrossCore SHARC Assembler'
easm21k -file-attr ProjectName="Kernel" -proc ADSP-21569 -si-revision any -g -DCORE0 -D_DEBUG @includes-f7e068827e84bcc18c1f9285c363760c.txt -swc -char-size-8 -gnu-style-dependencies -MM -Mo "system/startup_ldf/app_IVT.d" -o "system/startup_ldf/app_IVT.doj" "../system/startup_ldf/app_IVT.s"
[Warning ea1155]  The following serial numbers are due to expire:
EVAL-CCES-R5DY-3J6E-DCMR-8NEK-R8C6-ZRSG-R601 expires today.


Assembler totals: 0 error(s) and 1 warning(s)
'Finished building: ../system/startup_ldf/app_IVT.s'
' '
'Building file: ../system/startup_ldf/app_heaptab.c'
'Invoking: CrossCore SHARC C/C++ Compiler'
cc21k -c -file-attr ProjectName="Kernel" -proc ADSP-21569 -flags-compiler --no_wrap_diagnostics -si-revision any -O -Ov100 -g -DCORE0 -DMEAN -D_DEBUG @includes-90df628ea9fbfa05d4f93eca2b18a00c.txt -structs-do-not-overlap -no-const-strings -no-multiline -warn-protos -double-size-32 -char-size-8 -swc -gnu-style-dependencies -MD -Mo "system/startup_ldf/app_heaptab.d" -o "system/startup_ldf/app_heaptab.doj" "../system/startup_ldf/app_heaptab.c"
The following serial numbers are due to expire:
EVAL-CCES-R5DY-3J6E-DCMR-8NEK-R8C6-ZRSG-R601 expires today.

[Warning ea1155]  The following serial numbers are due to expire:
EVAL-CCES-R5DY-3J6E-DCMR-8NEK-R8C6-ZRSG-R601 expires today.


Assembler totals: 0 error(s) and 1 warning(s)
'Finished building: ../system/startup_ldf/app_heaptab.c'
' '
'Building file: ../system/startup_ldf/app_startup.s'
'Invoking: CrossCore SHARC Assembler'
easm21k -file-attr ProjectName="Kernel" -proc ADSP-21569 -si-revision any -g -DCORE0 -D_DEBUG @includes-f7e068827e84bcc18c1f9285c363760c.txt -swc -char-size-8 -gnu-style-dependencies -MM -Mo "system/startup_ldf/app_startup.d" -o "system/startup_ldf/app_startup.doj" "../system/startup_ldf/app_startup.s"
[Warning ea1155]  The following serial numbers are due to expire:
EVAL-CCES-R5DY-3J6E-DCMR-8NEK-R8C6-ZRSG-R601 expires today.


Assembler totals: 0 error(s) and 1 warning(s)
'Finished building: ../system/startup_ldf/app_startup.s'
' '
'Building file: ../system/adi_initialize.c'
'Invoking: CrossCore SHARC C/C++ Compiler'
cc21k -c -file-attr ProjectName="Kernel" -proc ADSP-21569 -flags-compiler --no_wrap_diagnostics -si-revision any -O -Ov100 -g -DCORE0 -DMEAN -D_DEBUG @includes-90df628ea9fbfa05d4f93eca2b18a00c.txt -structs-do-not-overlap -no-const-strings -no-multiline -warn-protos -double-size-32 -char-size-8 -swc -gnu-style-dependencies -MD -Mo "system/adi_initialize.d" -o "system/adi_initialize.doj" "../system/adi_initialize.c"
The following serial numbers are due to expire:
EVAL-CCES-R5DY-3J6E-DCMR-8NEK-R8C6-ZRSG-R601 expires today.

[Warning ea1155]  The following serial numbers are due to expire:
EVAL-CCES-R5DY-3J6E-DCMR-8NEK-R8C6-ZRSG-R601 expires today.


Assembler totals: 0 error(s) and 1 warning(s)
'Finished building: ../system/adi_initialize.c'
' '
'Building file: D:/CCES_Porting_Training/CCES_Porting_Training/Statistical_Calculations/Files/CCES_Porting_Kernel.c'
'Invoking: CrossCore SHARC C/C++ Compiler'
cc21k -c -file-attr ProjectName="Kernel" -proc ADSP-21569 -flags-compiler --no_wrap_diagnostics -si-revision any -O -Ov100 -g -DCORE0 -DMEAN -D_DEBUG @includes-90df628ea9fbfa05d4f93eca2b18a00c.txt -structs-do-not-overlap -no-const-strings -no-multiline -warn-protos -double-size-32 -char-size-8 -swc -gnu-style-dependencies -MD -Mo "src/CCES_Porting_Kernel.d" -o "src/CCES_Porting_Kernel.doj" "D:/CCES_Porting_Training/CCES_Porting_Training/Statistical_Calculations/Files/CCES_Porting_Kernel.c"
The following serial numbers are due to expire:
EVAL-CCES-R5DY-3J6E-DCMR-8NEK-R8C6-ZRSG-R601 expires today.

[Warning ea1155]  The following serial numbers are due to expire:
EVAL-CCES-R5DY-3J6E-DCMR-8NEK-R8C6-ZRSG-R601 expires today.


Assembler totals: 0 error(s) and 1 warning(s)
'Finished building: D:/CCES_Porting_Training/CCES_Porting_Training/Statistical_Calculations/Files/CCES_Porting_Kernel.c'
' '
'Building target: Kernel.dxe'
'Invoking: CrossCore SHARC Linker'
cc21k -proc ADSP-21569 -si-revision any -T D:/CCES_Porting_Training/CCES_Porting_Training/Build_CCES/Kernel/system/startup_ldf/app.ldf -no-mem -L D:/CCES_Porting_Training/CCES_Porting_Training/Build_CCES/Kernel/Debug/system/startup_ldf -L D:/CCES_Porting_Training/CCES_Porting_Training/Build_CCES/Library/Debug D:/CCES_Porting_Training/CCES_Porting_Training/Build_CCES/Library/Debug/Library.dlb -flags-link -MDCORE0,-MDDEBUG -add-debug-libpaths -o Kernel.dxe @input-file.txt

[Informational li3140]  The following serial numbers are due to expire:
EVAL-CCES-R5DY-3J6E-DCMR-8NEK-R8C6-ZRSG-R601 expires today.


'Finished building target: Kernel.dxe'
' '
16:05:38 **** Incremental Build of configuration Debug for project Kernel ****
make all 
make: Nothing to be done for 'all'.
