16:05:09 **** Build of configuration Debug for project Library ****
make all 
'Building file: ../system/startup_ldf/app_IVT.s'
'Invoking: CrossCore SHARC Assembler'
easm21k -file-attr ProjectName="Library" -proc ADSP-21569 -si-revision any -g -DCORE0 -D_DEBUG @includes-13d954f33330a9b9dc99f490afb69280.txt -swc -char-size-8 -gnu-style-dependencies -MM -Mo "system/startup_ldf/app_IVT.d" -o "system/startup_ldf/app_IVT.doj" "../system/startup_ldf/app_IVT.s"
[Warning ea1155]  The following serial numbers are due to expire:
EVAL-CCES-R5DY-3J6E-DCMR-8NEK-R8C6-ZRSG-R601 expires today.


Assembler totals: 0 error(s) and 1 warning(s)
'Finished building: ../system/startup_ldf/app_IVT.s'
' '
'Building file: ../system/startup_ldf/app_heaptab.c'
'Invoking: CrossCore SHARC C/C++ Compiler'
cc21k -c -file-attr ProjectName="Library" -proc ADSP-21569 -flags-compiler --no_wrap_diagnostics -si-revision any -O -Ov100 -g -DCORE0 -D_DEBUG @includes-82277160cfa2bd466194872861c8290d.txt -structs-do-not-overlap -no-const-strings -no-multiline -warn-protos -double-size-32 -char-size-8 -swc -gnu-style-dependencies -MD -Mo "system/startup_ldf/app_heaptab.d" -o "system/startup_ldf/app_heaptab.doj" "../system/startup_ldf/app_heaptab.c"
The following serial numbers are due to expire:
EVAL-CCES-R5DY-3J6E-DCMR-8NEK-R8C6-ZRSG-R601 expires today.

[Warning ea1155]  The following serial numbers are due to expire:
EVAL-CCES-R5DY-3J6E-DCMR-8NEK-R8C6-ZRSG-R601 expires today.


Assembler totals: 0 error(s) and 1 warning(s)
'Finished building: ../system/startup_ldf/app_heaptab.c'
' '
'Building file: ../system/startup_ldf/app_startup.s'
'Invoking: CrossCore SHARC Assembler'
easm21k -file-attr ProjectName="Library" -proc ADSP-21569 -si-revision any -g -DCORE0 -D_DEBUG @includes-13d954f33330a9b9dc99f490afb69280.txt -swc -char-size-8 -gnu-style-dependencies -MM -Mo "system/startup_ldf/app_startup.d" -o "system/startup_ldf/app_startup.doj" "../system/startup_ldf/app_startup.s"
[Warning ea1155]  The following serial numbers are due to expire:
EVAL-CCES-R5DY-3J6E-DCMR-8NEK-R8C6-ZRSG-R601 expires today.


Assembler totals: 0 error(s) and 1 warning(s)
'Finished building: ../system/startup_ldf/app_startup.s'
' '
'Building file: ../system/adi_initialize.c'
'Invoking: CrossCore SHARC C/C++ Compiler'
cc21k -c -file-attr ProjectName="Library" -proc ADSP-21569 -flags-compiler --no_wrap_diagnostics -si-revision any -O -Ov100 -g -DCORE0 -D_DEBUG @includes-82277160cfa2bd466194872861c8290d.txt -structs-do-not-overlap -no-const-strings -no-multiline -warn-protos -double-size-32 -char-size-8 -swc -gnu-style-dependencies -MD -Mo "system/adi_initialize.d" -o "system/adi_initialize.doj" "../system/adi_initialize.c"
The following serial numbers are due to expire:
EVAL-CCES-R5DY-3J6E-DCMR-8NEK-R8C6-ZRSG-R601 expires today.

[Warning ea1155]  The following serial numbers are due to expire:
EVAL-CCES-R5DY-3J6E-DCMR-8NEK-R8C6-ZRSG-R601 expires today.


Assembler totals: 0 error(s) and 1 warning(s)
'Finished building: ../system/adi_initialize.c'
' '
'Building file: D:/CCES_Porting_Training/CCES_Porting_Training/Porting_Library/Files/CCES_Porting_Library.c'
'Invoking: CrossCore SHARC C/C++ Compiler'
cc21k -c -file-attr ProjectName="Library" -proc ADSP-21569 -flags-compiler --no_wrap_diagnostics -si-revision any -O -Ov100 -g -DCORE0 -D_DEBUG @includes-82277160cfa2bd466194872861c8290d.txt -structs-do-not-overlap -no-const-strings -no-multiline -warn-protos -double-size-32 -char-size-8 -swc -gnu-style-dependencies -MD -Mo "src/CCES_Porting_Library.d" -o "src/CCES_Porting_Library.doj" "D:/CCES_Porting_Training/CCES_Porting_Training/Porting_Library/Files/CCES_Porting_Library.c"
The following serial numbers are due to expire:
EVAL-CCES-R5DY-3J6E-DCMR-8NEK-R8C6-ZRSG-R601 expires today.

[Warning ea1155]  The following serial numbers are due to expire:
EVAL-CCES-R5DY-3J6E-DCMR-8NEK-R8C6-ZRSG-R601 expires today.


Assembler totals: 0 error(s) and 1 warning(s)
'Finished building: D:/CCES_Porting_Training/CCES_Porting_Training/Porting_Library/Files/CCES_Porting_Library.c'
' '
'Building target: Library.dlb'
'Invoking: CrossCore SHARC Archiver'
cc21k -build-lib -proc ADSP-21569 -si-revision any -o Library.dlb @input-file.txt
'Finished building target: Library.dlb'
' '

16:05:12 Build Finished. 0 errors, 0 warnings. (took 2s.814ms)

