############## Kodi CRASH LOG ###############

################ SYSTEM INFO ################
 Date: Thu 23 Jul 14:55:47 IST 2026
 Kodi Options: 
 Arch: aarch64
 Kernel: Linux 6.12.87+rpt-rpi-v8 #1 SMP PREEMPT Debian 1:6.12.87-1+rpt1~bookworm (2026-05-12)
 Release: Debian GNU/Linux 12 (bookworm)
############## END SYSTEM INFO ##############

############### STACK TRACE #################
=====>  Core file: /home/jasminuser/core (2026-07-23 14:55:33.273359961 +0530)
        =========================================
[New LWP 1741]
[New LWP 1781]
[New LWP 1770]
[New LWP 1346]
[New LWP 1785]
[New LWP 1790]
[New LWP 1771]
[New LWP 1780]
[New LWP 1786]
[New LWP 1554]
[New LWP 1784]
[New LWP 1802]
[New LWP 1788]
[New LWP 1806]
[New LWP 1792]
[New LWP 1805]
[New LWP 1789]
[New LWP 1810]
[New LWP 1804]
[New LWP 1796]
[New LWP 1807]
[New LWP 1808]
[New LWP 1782]
[New LWP 1783]
[New LWP 1791]
[New LWP 1795]
[New LWP 1797]
[New LWP 1829]
[New LWP 1830]
[New LWP 1555]
[New LWP 1740]
[New LWP 1536]
[Thread debugging using libthread_db enabled]
Using host libthread_db library "/lib/aarch64-linux-gnu/libthread_db.so.1".
Core was generated by `/usr/lib/aarch64-linux-gnu/kodi/kodi.bin'.
Program terminated with signal SIGABRT, Aborted.
#0  __pthread_kill_implementation (threadid=547734086592, signo=signo@entry=6, no_tid=no_tid@entry=0) at ./nptl/pthread_kill.c:44
[Current thread is 1 (Thread 0x7f877ee3c0 (LWP 1741))]

Thread 32 (Thread 0x7f99ace3c0 (LWP 1536)):
#0  0x0000007fb12ee834 in __futex_abstimed_wait_common64 (private=0, cancel=true, abstime=0x0, op=393, expected=0, futex_word=0x55675dc818) at ./nptl/futex-internal.c:57
#1  __futex_abstimed_wait_common (cancel=true, private=0, abstime=0x0, clockid=0, expected=0, futex_word=0x55675dc818) at ./nptl/futex-internal.c:87
#2  __GI___futex_abstimed_wait_cancelable64 (futex_word=futex_word@entry=0x55675dc818, expected=expected@entry=0, clockid=clockid@entry=0, abstime=abstime@entry=0x0, private=private@entry=0) at ./nptl/futex-internal.c:139
#3  0x0000007fb12f1388 in __pthread_cond_wait_common (abstime=0x0, clockid=0, mutex=0x55675d6e70, cond=0x55675dc7f0) at ./nptl/pthread_cond_wait.c:503
#4  ___pthread_cond_wait (cond=0x55675dc7f0, mutex=0x55675d6e70) at ./nptl/pthread_cond_wait.c:618
#5  0x00000055610dfae4 in ANNOUNCEMENT::CAnnouncementManager::Process() ()
#6  0x0000005560723ae8 in CThread::Action() ()
#7  0x0000005560724f48 in CThread::Create(bool)::{lambda(CThread*, std::promise<bool>)#1}::operator()(CThread*, std::promise<bool>) const [clone .constprop.0] ()
#8  0x0000005560725918 in std::thread::_State_impl<std::thread::_Invoker<std::tuple<CThread::Create(bool)::{lambda(CThread*, std::promise<bool>)#1}, CThread*, std::promise<bool> > > >::_M_run() ()
#9  0x0000007fb111e9dc in ?? () from /lib/aarch64-linux-gnu/libstdc++.so.6
#10 0x0000007fb12f2030 in start_thread (arg=0x0) at ./nptl/pthread_create.c:442
#11 0x0000007fb135bf1c in thread_start () at ../sysdeps/unix/sysv/linux/aarch64/clone.S:79

Thread 31 (Thread 0x7f87ffe3c0 (LWP 1740)):
#0  0x0000007fb12ee834 in __futex_abstimed_wait_common64 (private=0, cancel=true, abstime=0x0, op=393, expected=0, futex_word=0x55676152e0) at ./nptl/futex-internal.c:57
#1  __futex_abstimed_wait_common (cancel=true, private=0, abstime=0x0, clockid=0, expected=0, futex_word=0x55676152e0) at ./nptl/futex-internal.c:87
#2  __GI___futex_abstimed_wait_cancelable64 (futex_word=futex_word@entry=0x55676152e0, expected=expected@entry=0, clockid=clockid@entry=0, abstime=abstime@entry=0x0, private=private@entry=0) at ./nptl/futex-internal.c:139
#3  0x0000007fb12f1388 in __pthread_cond_wait_common (abstime=0x0, clockid=0, mutex=0x5567615280, cond=0x55676152b8) at ./nptl/pthread_cond_wait.c:503
#4  ___pthread_cond_wait (cond=0x55676152b8, mutex=0x5567615280) at ./nptl/pthread_cond_wait.c:618
#5  0x0000007fa7a37840 in ?? () from /lib/aarch64-linux-gnu/libgallium-24.2.8-1~bpo12+rpt4.so
#6  0x0000007fa7a185ac in ?? () from /lib/aarch64-linux-gnu/libgallium-24.2.8-1~bpo12+rpt4.so
#7  0x0000007fa7a37720 in ?? () from /lib/aarch64-linux-gnu/libgallium-24.2.8-1~bpo12+rpt4.so
#8  0x0000007fb12f2030 in start_thread (arg=0x0) at ./nptl/pthread_create.c:442
#9  0x0000007fb135bf1c in thread_start () at ../sysdeps/unix/sysv/linux/aarch64/clone.S:79

Thread 30 (Thread 0x7f98aae3c0 (LWP 1555)):
#0  0x0000007fb12ee834 in __futex_abstimed_wait_common64 (private=0, cancel=true, abstime=0x7f98aad3d0, op=137, expected=0, futex_word=0x55675e8830) at ./nptl/futex-internal.c:57
#1  __futex_abstimed_wait_common (cancel=true, private=0, abstime=0x7f98aad3d0, clockid=1, expected=0, futex_word=0x55675e8830) at ./nptl/futex-internal.c:87
#2  __GI___futex_abstimed_wait_cancelable64 (futex_word=futex_word@entry=0x55675e8830, expected=expected@entry=0, clockid=clockid@entry=1, abstime=abstime@entry=0x7f98aad3d0, private=private@entry=0) at ./nptl/futex-internal.c:139
#3  0x0000007fb12f19c0 in __pthread_cond_wait_common (abstime=0x7f98aad3d0, clockid=1, mutex=0x7f88000f50, cond=0x55675e8808) at ./nptl/pthread_cond_wait.c:503
#4  ___pthread_cond_clockwait64 (abstime=0x7f98aad3d0, clockid=1, mutex=0x7f88000f50, cond=0x55675e8808) at ./nptl/pthread_cond_wait.c:682
#5  ___pthread_cond_clockwait64 (cond=0x55675e8808, mutex=0x7f88000f50, clockid=1, abstime=0x7f98aad3d0) at ./nptl/pthread_cond_wait.c:670
#6  0x00000055603169d0 in bool CEvent::Wait<long, std::ratio<1l, 1000l> >(std::chrono::duration<long, std::ratio<1l, 1000l> >) [clone .isra.0] ()
#7  0x0000005560318304 in CLirc::Process() ()
#8  0x0000005560723ae8 in CThread::Action() ()
#9  0x0000005560724f48 in CThread::Create(bool)::{lambda(CThread*, std::promise<bool>)#1}::operator()(CThread*, std::promise<bool>) const [clone .constprop.0] ()
#10 0x0000005560725918 in std::thread::_State_impl<std::thread::_Invoker<std::tuple<CThread::Create(bool)::{lambda(CThread*, std::promise<bool>)#1}, CThread*, std::promise<bool> > > >::_M_run() ()
#11 0x0000007fb111e9dc in ?? () from /lib/aarch64-linux-gnu/libstdc++.so.6
#12 0x0000007fb12f2030 in start_thread (arg=0x0) at ./nptl/pthread_create.c:442
#13 0x0000007fb135bf1c in thread_start () at ../sysdeps/unix/sysv/linux/aarch64/clone.S:79

Thread 29 (Thread 0x7f037ee3c0 (LWP 1830)):
#0  0x0000007fb12ee834 in __futex_abstimed_wait_common64 (private=0, cancel=true, abstime=0x7f037ed040, op=137, expected=0, futex_word=0x7f38004618) at ./nptl/futex-internal.c:57
#1  __futex_abstimed_wait_common (cancel=true, private=0, abstime=0x7f037ed040, clockid=1, expected=0, futex_word=0x7f38004618) at ./nptl/futex-internal.c:87
#2  __GI___futex_abstimed_wait_cancelable64 (futex_word=futex_word@entry=0x7f38004618, expected=expected@entry=0, clockid=clockid@entry=1, abstime=abstime@entry=0x7f037ed040, private=private@entry=0) at ./nptl/futex-internal.c:139
#3  0x0000007fb12f19c0 in __pthread_cond_wait_common (abstime=0x7f037ed040, clockid=1, mutex=0x7f38003ff0, cond=0x7f380045f0) at ./nptl/pthread_cond_wait.c:503
#4  ___pthread_cond_clockwait64 (abstime=0x7f037ed040, clockid=1, mutex=0x7f38003ff0, cond=0x7f380045f0) at ./nptl/pthread_cond_wait.c:682
#5  ___pthread_cond_clockwait64 (cond=0x7f380045f0, mutex=0x7f38003ff0, clockid=1, abstime=0x7f037ed040) at ./nptl/pthread_cond_wait.c:670
#6  0x00000055600c7ff8 in bool CEvent::Wait<long, std::ratio<1l, 1000l> >(std::chrono::duration<long, std::ratio<1l, 1000l> >) ()
#7  0x0000005560e5b9a0 in PERIPHERALS::CPeripheralCecAdapterUpdateThread::WaitReady() ()
#8  0x0000005560e5e68c in PERIPHERALS::CPeripheralCecAdapterUpdateThread::SetInitialConfiguration() ()
#9  0x0000005560e5ea8c in PERIPHERALS::CPeripheralCecAdapterUpdateThread::Process() ()
#10 0x0000005560723ae8 in CThread::Action() ()
#11 0x0000005560724f48 in CThread::Create(bool)::{lambda(CThread*, std::promise<bool>)#1}::operator()(CThread*, std::promise<bool>) const [clone .constprop.0] ()
#12 0x0000005560725918 in std::thread::_State_impl<std::thread::_Invoker<std::tuple<CThread::Create(bool)::{lambda(CThread*, std::promise<bool>)#1}, CThread*, std::promise<bool> > > >::_M_run() ()
#13 0x0000007fb111e9dc in ?? () from /lib/aarch64-linux-gnu/libstdc++.so.6
#14 0x0000007fb12f2030 in start_thread (arg=0x0) at ./nptl/pthread_create.c:442
#15 0x0000007fb135bf1c in thread_start () at ../sysdeps/unix/sysv/linux/aarch64/clone.S:79

Thread 28 (Thread 0x7f24f9e3c0 (LWP 1829)):
#0  0x0000007fb12ee834 in __futex_abstimed_wait_common64 (private=0, cancel=true, abstime=0x7f24f9d040, op=137, expected=0, futex_word=0x7f48004588) at ./nptl/futex-internal.c:57
#1  __futex_abstimed_wait_common (cancel=true, private=0, abstime=0x7f24f9d040, clockid=1, expected=0, futex_word=0x7f48004588) at ./nptl/futex-internal.c:87
#2  __GI___futex_abstimed_wait_cancelable64 (futex_word=futex_word@entry=0x7f48004588, expected=expected@entry=0, clockid=clockid@entry=1, abstime=abstime@entry=0x7f24f9d040, private=private@entry=0) at ./nptl/futex-internal.c:139
#3  0x0000007fb12f19c0 in __pthread_cond_wait_common (abstime=0x7f24f9d040, clockid=1, mutex=0x7f480036c0, cond=0x7f48004560) at ./nptl/pthread_cond_wait.c:503
#4  ___pthread_cond_clockwait64 (abstime=0x7f24f9d040, clockid=1, mutex=0x7f480036c0, cond=0x7f48004560) at ./nptl/pthread_cond_wait.c:682
#5  ___pthread_cond_clockwait64 (cond=0x7f48004560, mutex=0x7f480036c0, clockid=1, abstime=0x7f24f9d040) at ./nptl/pthread_cond_wait.c:670
#6  0x00000055600c7ff8 in bool CEvent::Wait<long, std::ratio<1l, 1000l> >(std::chrono::duration<long, std::ratio<1l, 1000l> >) ()
#7  0x0000005560e5b9a0 in PERIPHERALS::CPeripheralCecAdapterUpdateThread::WaitReady() ()
#8  0x0000005560e5e68c in PERIPHERALS::CPeripheralCecAdapterUpdateThread::SetInitialConfiguration() ()
#9  0x0000005560e5ea8c in PERIPHERALS::CPeripheralCecAdapterUpdateThread::Process() ()
#10 0x0000005560723ae8 in CThread::Action() ()
#11 0x0000005560724f48 in CThread::Create(bool)::{lambda(CThread*, std::promise<bool>)#1}::operator()(CThread*, std::promise<bool>) const [clone .constprop.0] ()
#12 0x0000005560725918 in std::thread::_State_impl<std::thread::_Invoker<std::tuple<CThread::Create(bool)::{lambda(CThread*, std::promise<bool>)#1}, CThread*, std::promise<bool> > > >::_M_run() ()
#13 0x0000007fb111e9dc in ?? () from /lib/aarch64-linux-gnu/libstdc++.so.6
#14 0x0000007fb12f2030 in start_thread (arg=0x0) at ./nptl/pthread_create.c:442
#15 0x0000007fb135bf1c in thread_start () at ../sysdeps/unix/sysv/linux/aarch64/clone.S:79

Thread 27 (Thread 0x7f3dfbe3c0 (LWP 1797)):
#0  0x0000007fb12ee834 in __futex_abstimed_wait_common64 (private=0, cancel=true, abstime=0x7f3dfbda88, op=393, expected=0, futex_word=0x7f3dfbdad8) at ./nptl/futex-internal.c:57
#1  __futex_abstimed_wait_common (cancel=true, private=0, abstime=0x7f3dfbda88, clockid=0, expected=0, futex_word=0x7f3dfbdad8) at ./nptl/futex-internal.c:87
#2  __GI___futex_abstimed_wait_cancelable64 (futex_word=futex_word@entry=0x7f3dfbdad8, expected=expected@entry=0, clockid=clockid@entry=0, abstime=abstime@entry=0x7f3dfbda88, private=private@entry=0) at ./nptl/futex-internal.c:139
#3  0x0000007fb12f1688 in __pthread_cond_wait_common (abstime=0x7f3dfbda88, clockid=0, mutex=0x7f3dfbdae0, cond=0x7f3dfbdab0) at ./nptl/pthread_cond_wait.c:503
#4  ___pthread_cond_timedwait64 (cond=0x7f3dfbdab0, mutex=0x7f3dfbdae0, abstime=0x7f3dfbda88) at ./nptl/pthread_cond_wait.c:643
#5  0x0000007fb56ff8e0 in CEC::CCECStandbyProtection::Process() () from /lib/aarch64-linux-gnu/libcec.so.6
#6  0x0000007fb56fd92c in P8PLATFORM::CThread::ThreadHandler(void*) () from /lib/aarch64-linux-gnu/libcec.so.6
#7  0x0000007fb12f2030 in start_thread (arg=0x0) at ./nptl/pthread_create.c:442
#8  0x0000007fb135bf1c in thread_start () at ../sysdeps/unix/sysv/linux/aarch64/clone.S:79

Thread 26 (Thread 0x7f3efde3c0 (LWP 1795)):
#0  0x0000007fb13549d0 in __GI___select (nfds=31, readfds=0x7f3efdda20, writefds=0x0, exceptfds=0x7f3efddaa0, timeout=0x7f3efdd970) at ../sysdeps/unix/sysv/linux/select.c:69
#1  0x0000007fb57152c8 in CEC::CLinuxCECAdapterCommunication::Process() () from /lib/aarch64-linux-gnu/libcec.so.6
#2  0x0000007fb56fd92c in P8PLATFORM::CThread::ThreadHandler(void*) () from /lib/aarch64-linux-gnu/libcec.so.6
#3  0x0000007fb12f2030 in start_thread (arg=0x0) at ./nptl/pthread_create.c:442
#4  0x0000007fb135bf1c in thread_start () at ../sysdeps/unix/sysv/linux/aarch64/clone.S:79

Thread 25 (Thread 0x7f58f9e3c0 (LWP 1791)):
#0  0x0000007fb12ee834 in __futex_abstimed_wait_common64 (private=0, cancel=true, abstime=0x7f58f9db18, op=393, expected=0, futex_word=0x7f6000b364) at ./nptl/futex-internal.c:57
#1  __futex_abstimed_wait_common (cancel=true, private=0, abstime=0x7f58f9db18, clockid=1625682096, expected=0, futex_word=0x7f6000b364) at ./nptl/futex-internal.c:87
#2  __GI___futex_abstimed_wait_cancelable64 (futex_word=futex_word@entry=0x7f6000b364, expected=expected@entry=0, clockid=clockid@entry=0, abstime=abstime@entry=0x7f58f9db18, private=private@entry=0) at ./nptl/futex-internal.c:139
#3  0x0000007fb12f1688 in __pthread_cond_wait_common (abstime=0x7f58f9db18, clockid=0, mutex=0x7f6000b2f0, cond=0x7f6000b338) at ./nptl/pthread_cond_wait.c:503
#4  ___pthread_cond_timedwait64 (cond=0x7f6000b338, mutex=0x7f6000b2f0, abstime=0x7f58f9db18) at ./nptl/pthread_cond_wait.c:643
#5  0x0000007fb56f8560 in CEC::CCECClient::Process() () from /lib/aarch64-linux-gnu/libcec.so.6
#6  0x0000007fb56fd92c in P8PLATFORM::CThread::ThreadHandler(void*) () from /lib/aarch64-linux-gnu/libcec.so.6
#7  0x0000007fb12f2030 in start_thread (arg=0x0) at ./nptl/pthread_create.c:442
#8  0x0000007fb135bf1c in thread_start () at ../sysdeps/unix/sysv/linux/aarch64/clone.S:79

Thread 24 (Thread 0x7f74e9f3c0 (LWP 1783)):
#0  0x0000007fb12ee834 in __futex_abstimed_wait_common64 (private=0, cancel=true, abstime=0x7f74e9e4e0, op=137, expected=0, futex_word=0x55678bbc60) at ./nptl/futex-internal.c:57
#1  __futex_abstimed_wait_common (cancel=true, private=0, abstime=0x7f74e9e4e0, clockid=1, expected=0, futex_word=0x55678bbc60) at ./nptl/futex-internal.c:87
#2  __GI___futex_abstimed_wait_cancelable64 (futex_word=futex_word@entry=0x55678bbc60, expected=expected@entry=0, clockid=clockid@entry=1, abstime=abstime@entry=0x7f74e9e4e0, private=private@entry=0) at ./nptl/futex-internal.c:139
#3  0x0000007fb12f19c0 in __pthread_cond_wait_common (abstime=0x7f74e9e4e0, clockid=1, mutex=0x5568f7e320, cond=0x55678bbc38) at ./nptl/pthread_cond_wait.c:503
#4  ___pthread_cond_clockwait64 (abstime=0x7f74e9e4e0, clockid=1, mutex=0x5568f7e320, cond=0x55678bbc38) at ./nptl/pthread_cond_wait.c:682
#5  ___pthread_cond_clockwait64 (cond=0x55678bbc38, mutex=0x5568f7e320, clockid=1, abstime=0x7f74e9e4e0) at ./nptl/pthread_cond_wait.c:670
#6  0x0000005560e69160 in PERIPHERALS::CPeripheralBus::Process() ()
#7  0x0000005560723ae8 in CThread::Action() ()
#8  0x0000005560724f48 in CThread::Create(bool)::{lambda(CThread*, std::promise<bool>)#1}::operator()(CThread*, std::promise<bool>) const [clone .constprop.0] ()
#9  0x0000005560725918 in std::thread::_State_impl<std::thread::_Invoker<std::tuple<CThread::Create(bool)::{lambda(CThread*, std::promise<bool>)#1}, CThread*, std::promise<bool> > > >::_M_run() ()
#10 0x0000007fb111e9dc in ?? () from /lib/aarch64-linux-gnu/libstdc++.so.6
#11 0x0000007fb12f2030 in start_thread (arg=0x0) at ./nptl/pthread_create.c:442
#12 0x0000007fb135bf1c in thread_start () at ../sysdeps/unix/sysv/linux/aarch64/clone.S:79

Thread 23 (Thread 0x7f756af3c0 (LWP 1782)):
#0  0x0000007fb12ee834 in __futex_abstimed_wait_common64 (private=0, cancel=true, abstime=0x7f756ae4e0, op=137, expected=0, futex_word=0x5568f791f0) at ./nptl/futex-internal.c:57
#1  __futex_abstimed_wait_common (cancel=true, private=0, abstime=0x7f756ae4e0, clockid=1, expected=0, futex_word=0x5568f791f0) at ./nptl/futex-internal.c:87
#2  __GI___futex_abstimed_wait_cancelable64 (futex_word=futex_word@entry=0x5568f791f0, expected=expected@entry=0, clockid=clockid@entry=1, abstime=abstime@entry=0x7f756ae4e0, private=private@entry=0) at ./nptl/futex-internal.c:139
#3  0x0000007fb12f19c0 in __pthread_cond_wait_common (abstime=0x7f756ae4e0, clockid=1, mutex=0x5568c5af40, cond=0x5568f791c8) at ./nptl/pthread_cond_wait.c:503
#4  ___pthread_cond_clockwait64 (abstime=0x7f756ae4e0, clockid=1, mutex=0x5568c5af40, cond=0x5568f791c8) at ./nptl/pthread_cond_wait.c:682
#5  ___pthread_cond_clockwait64 (cond=0x5568f791c8, mutex=0x5568c5af40, clockid=1, abstime=0x7f756ae4e0) at ./nptl/pthread_cond_wait.c:670
#6  0x0000005560e69160 in PERIPHERALS::CPeripheralBus::Process() ()
#7  0x0000005560723ae8 in CThread::Action() ()
#8  0x0000005560724f48 in CThread::Create(bool)::{lambda(CThread*, std::promise<bool>)#1}::operator()(CThread*, std::promise<bool>) const [clone .constprop.0] ()
#9  0x0000005560725918 in std::thread::_State_impl<std::thread::_Invoker<std::tuple<CThread::Create(bool)::{lambda(CThread*, std::promise<bool>)#1}, CThread*, std::promise<bool> > > >::_M_run() ()
#10 0x0000007fb111e9dc in ?? () from /lib/aarch64-linux-gnu/libstdc++.so.6
#11 0x0000007fb12f2030 in start_thread (arg=0x0) at ./nptl/pthread_create.c:442
#12 0x0000007fb135bf1c in thread_start () at ../sysdeps/unix/sysv/linux/aarch64/clone.S:79

Thread 22 (Thread 0x7f257ae3c0 (LWP 1808)):
#0  0x0000007fb13549d0 in __GI___select (nfds=38, readfds=0x7f257ad4d0, writefds=0x0, exceptfds=0x0, timeout=0x7f257ad470) at ../sysdeps/unix/sysv/linux/select.c:69
#1  0x00000055602eed98 in WSDiscovery::CWSDiscoveryListenerUDP::Process() ()
#2  0x0000005560723ae8 in CThread::Action() ()
#3  0x0000005560724f48 in CThread::Create(bool)::{lambda(CThread*, std::promise<bool>)#1}::operator()(CThread*, std::promise<bool>) const [clone .constprop.0] ()
#4  0x0000005560725918 in std::thread::_State_impl<std::thread::_Invoker<std::tuple<CThread::Create(bool)::{lambda(CThread*, std::promise<bool>)#1}, CThread*, std::promise<bool> > > >::_M_run() ()
#5  0x0000007fb111e9dc in ?? () from /lib/aarch64-linux-gnu/libstdc++.so.6
#6  0x0000007fb12f2030 in start_thread (arg=0x0) at ./nptl/pthread_create.c:442
#7  0x0000007fb135bf1c in thread_start () at ../sysdeps/unix/sysv/linux/aarch64/clone.S:79

Thread 21 (Thread 0x7f25fbe3c0 (LWP 1807)):
#0  0x0000007fb13549d0 in __GI___select (nfds=42, readfds=0x7f25fbd8f8, writefds=0x7f25fbd978, exceptfds=0x7f25fbd9f8, timeout=0x0) at ../sysdeps/unix/sysv/linux/select.c:69
#1  0x0000007fb554f918 in ?? () from /lib/aarch64-linux-gnu/libmicrohttpd.so.12
#2  0x0000007fb554fff8 in ?? () from /lib/aarch64-linux-gnu/libmicrohttpd.so.12
#3  0x0000007fb12f2030 in start_thread (arg=0x0) at ./nptl/pthread_create.c:442
#4  0x0000007fb135bf1c in thread_start () at ../sysdeps/unix/sysv/linux/aarch64/clone.S:79

Thread 20 (Thread 0x7f3e7ce3c0 (LWP 1796)):
#0  0x0000007fb12ee834 in __futex_abstimed_wait_common64 (private=0, cancel=true, abstime=0x7f3e7cdac0, op=393, expected=0, futex_word=0x7f60004a50) at ./nptl/futex-internal.c:57
#1  __futex_abstimed_wait_common (cancel=true, private=0, abstime=0x7f3e7cdac0, clockid=8445056, expected=0, futex_word=0x7f60004a50) at ./nptl/futex-internal.c:87
#2  __GI___futex_abstimed_wait_cancelable64 (futex_word=futex_word@entry=0x7f60004a50, expected=expected@entry=0, clockid=clockid@entry=0, abstime=abstime@entry=0x7f3e7cdac0, private=private@entry=0) at ./nptl/futex-internal.c:139
#3  0x0000007fb12f1688 in __pthread_cond_wait_common (abstime=0x7f3e7cdac0, clockid=0, mutex=0x7f600049e8, cond=0x7f60004a28) at ./nptl/pthread_cond_wait.c:503
#4  ___pthread_cond_timedwait64 (cond=0x7f60004a28, mutex=0x7f600049e8, abstime=0x7f3e7cdac0) at ./nptl/pthread_cond_wait.c:643
#5  0x0000007fb5704a18 in CEC::CCECProcessor::Process() () from /lib/aarch64-linux-gnu/libcec.so.6
#6  0x0000007fb56fd92c in P8PLATFORM::CThread::ThreadHandler(void*) () from /lib/aarch64-linux-gnu/libcec.so.6
#7  0x0000007fb12f2030 in start_thread (arg=0x0) at ./nptl/pthread_create.c:442
#8  0x0000007fb135bf1c in thread_start () at ../sysdeps/unix/sysv/linux/aarch64/clone.S:79

Thread 19 (Thread 0x7f277ee3c0 (LWP 1804)):
#0  0x0000007fb13549d0 in __GI___select (nfds=33, readfds=0x7f277ed3b0, writefds=0x0, exceptfds=0x0, timeout=0x7f277ecff0) at ../sysdeps/unix/sysv/linux/select.c:69
#1  0x0000005560eb10dc in SOCKETS::CSocketListener::Listen(int) ()
#2  0x0000005560e9a4f8 in EVENTSERVER::CEventServer::Run() ()
#3  0x0000005560e9ac10 in EVENTSERVER::CEventServer::Process() ()
#4  0x0000005560723ae8 in CThread::Action() ()
#5  0x0000005560724f48 in CThread::Create(bool)::{lambda(CThread*, std::promise<bool>)#1}::operator()(CThread*, std::promise<bool>) const [clone .constprop.0] ()
#6  0x0000005560725918 in std::thread::_State_impl<std::thread::_Invoker<std::tuple<CThread::Create(bool)::{lambda(CThread*, std::promise<bool>)#1}, CThread*, std::promise<bool> > > >::_M_run() ()
#7  0x0000007fb111e9dc in ?? () from /lib/aarch64-linux-gnu/libstdc++.so.6
#8  0x0000007fb12f2030 in start_thread (arg=0x0) at ./nptl/pthread_create.c:442
#9  0x0000007fb135bf1c in thread_start () at ../sysdeps/unix/sysv/linux/aarch64/clone.S:79

Thread 18 (Thread 0x7f3f7ee3c0 (LWP 1810)):
#0  0x0000007fb12ee834 in __futex_abstimed_wait_common64 (private=0, cancel=true, abstime=0x7f3f7ed4e0, op=137, expected=0, futex_word=0x55676c60d8) at ./nptl/futex-internal.c:57
#1  __futex_abstimed_wait_common (cancel=true, private=0, abstime=0x7f3f7ed4e0, clockid=1, expected=0, futex_word=0x55676c60d8) at ./nptl/futex-internal.c:87
#2  __GI___futex_abstimed_wait_cancelable64 (futex_word=futex_word@entry=0x55676c60d8, expected=expected@entry=0, clockid=clockid@entry=1, abstime=abstime@entry=0x7f3f7ed4e0, private=private@entry=0) at ./nptl/futex-internal.c:139
#3  0x0000007fb12f19c0 in __pthread_cond_wait_common (abstime=0x7f3f7ed4e0, clockid=1, mutex=0x55675fe370, cond=0x55676c60b0) at ./nptl/pthread_cond_wait.c:503
#4  ___pthread_cond_clockwait64 (abstime=0x7f3f7ed4e0, clockid=1, mutex=0x55675fe370, cond=0x55676c60b0) at ./nptl/pthread_cond_wait.c:682
#5  ___pthread_cond_clockwait64 (cond=0x55676c60b0, mutex=0x55675fe370, clockid=1, abstime=0x7f3f7ed4e0) at ./nptl/pthread_cond_wait.c:670
#6  0x00000055607265e4 in CTimer::Process() ()
#7  0x0000005560723ae8 in CThread::Action() ()
#8  0x0000005560724f48 in CThread::Create(bool)::{lambda(CThread*, std::promise<bool>)#1}::operator()(CThread*, std::promise<bool>) const [clone .constprop.0] ()
#9  0x0000005560725918 in std::thread::_State_impl<std::thread::_Invoker<std::tuple<CThread::Create(bool)::{lambda(CThread*, std::promise<bool>)#1}, CThread*, std::promise<bool> > > >::_M_run() ()
#10 0x0000007fb111e9dc in ?? () from /lib/aarch64-linux-gnu/libstdc++.so.6
#11 0x0000007fb12f2030 in start_thread (arg=0x0) at ./nptl/pthread_create.c:442
#12 0x0000007fb135bf1c in thread_start () at ../sysdeps/unix/sysv/linux/aarch64/clone.S:79

Thread 17 (Thread 0x7f59fbe3c0 (LWP 1789)):
#0  0x0000007fb12ee834 in __futex_abstimed_wait_common64 (private=0, cancel=true, abstime=0x7f59fbdac0, op=393, expected=0, futex_word=0x7f60014590) at ./nptl/futex-internal.c:57
#1  __futex_abstimed_wait_common (cancel=true, private=0, abstime=0x7f59fbdac0, clockid=8445056, expected=0, futex_word=0x7f60014590) at ./nptl/futex-internal.c:87
#2  __GI___futex_abstimed_wait_cancelable64 (futex_word=futex_word@entry=0x7f60014590, expected=expected@entry=0, clockid=clockid@entry=0, abstime=abstime@entry=0x7f59fbdac0, private=private@entry=0) at ./nptl/futex-internal.c:139
#3  0x0000007fb12f1688 in __pthread_cond_wait_common (abstime=0x7f59fbdac0, clockid=0, mutex=0x7f60014528, cond=0x7f60014568) at ./nptl/pthread_cond_wait.c:503
#4  ___pthread_cond_timedwait64 (cond=0x7f60014568, mutex=0x7f60014528, abstime=0x7f59fbdac0) at ./nptl/pthread_cond_wait.c:643
#5  0x0000007fb5704a18 in CEC::CCECProcessor::Process() () from /lib/aarch64-linux-gnu/libcec.so.6
#6  0x0000007fb56fd92c in P8PLATFORM::CThread::ThreadHandler(void*) () from /lib/aarch64-linux-gnu/libcec.so.6
#7  0x0000007fb12f2030 in start_thread (arg=0x0) at ./nptl/pthread_create.c:442
#8  0x0000007fb135bf1c in thread_start () at ../sysdeps/unix/sysv/linux/aarch64/clone.S:79

Thread 16 (Thread 0x7f26fde3c0 (LWP 1805)):
#0  0x0000007fb13549d0 in __GI___select (nfds=40, readfds=0x7f26fdc4d0, writefds=0x0, exceptfds=0x0, timeout=0x7f26fdc420) at ../sysdeps/unix/sysv/linux/select.c:69
#1  0x0000005560eb4504 in JSONRPC::CTCPServer::Process() ()
#2  0x0000005560723ae8 in CThread::Action() ()
#3  0x0000005560724f48 in CThread::Create(bool)::{lambda(CThread*, std::promise<bool>)#1}::operator()(CThread*, std::promise<bool>) const [clone .constprop.0] ()
#4  0x0000005560725918 in std::thread::_State_impl<std::thread::_Invoker<std::tuple<CThread::Create(bool)::{lambda(CThread*, std::promise<bool>)#1}, CThread*, std::promise<bool> > > >::_M_run() ()
#5  0x0000007fb111e9dc in ?? () from /lib/aarch64-linux-gnu/libstdc++.so.6
#6  0x0000007fb12f2030 in start_thread (arg=0x0) at ./nptl/pthread_create.c:442
#7  0x0000007fb135bf1c in thread_start () at ../sysdeps/unix/sysv/linux/aarch64/clone.S:79

Thread 15 (Thread 0x7f3fffe3c0 (LWP 1792)):
#0  0x0000007fb1326ce0 in __GI___clock_nanosleep (clock_id=<optimized out>, clock_id@entry=0, flags=flags@entry=0, req=0x7f3fffd4f0, rem=0x7f3fffd4f0) at ../sysdeps/unix/sysv/linux/clock_nanosleep.c:48
#1  0x0000007fb132bcac in __GI___nanosleep (req=<optimized out>, rem=<optimized out>) at ../sysdeps/unix/sysv/linux/nanosleep.c:25
#2  0x0000005560e5c3f4 in PERIPHERALS::CPeripheralCecAdapter::Process() ()
#3  0x0000005560723ae8 in CThread::Action() ()
#4  0x0000005560724f48 in CThread::Create(bool)::{lambda(CThread*, std::promise<bool>)#1}::operator()(CThread*, std::promise<bool>) const [clone .constprop.0] ()
#5  0x0000005560725918 in std::thread::_State_impl<std::thread::_Invoker<std::tuple<CThread::Create(bool)::{lambda(CThread*, std::promise<bool>)#1}, CThread*, std::promise<bool> > > >::_M_run() ()
#6  0x0000007fb111e9dc in ?? () from /lib/aarch64-linux-gnu/libstdc++.so.6
#7  0x0000007fb12f2030 in start_thread (arg=0x0) at ./nptl/pthread_create.c:442
#8  0x0000007fb135bf1c in thread_start () at ../sysdeps/unix/sysv/linux/aarch64/clone.S:79

Thread 14 (Thread 0x7f267ce3c0 (LWP 1806)):
#0  0x0000007fb13549d0 in __GI___select (nfds=39, readfds=0x7f267cd8f8, writefds=0x7f267cd978, exceptfds=0x7f267cd9f8, timeout=0x0) at ../sysdeps/unix/sysv/linux/select.c:69
#1  0x0000007fb554f918 in ?? () from /lib/aarch64-linux-gnu/libmicrohttpd.so.12
#2  0x0000007fb554fff8 in ?? () from /lib/aarch64-linux-gnu/libmicrohttpd.so.12
#3  0x0000007fb12f2030 in start_thread (arg=0x0) at ./nptl/pthread_create.c:442
#4  0x0000007fb135bf1c in thread_start () at ../sysdeps/unix/sysv/linux/aarch64/clone.S:79

Thread 13 (Thread 0x7f5a7ce3c0 (LWP 1788)):
#0  0x0000007fb13549d0 in __GI___select (nfds=28, readfds=0x7f5a7cda20, writefds=0x0, exceptfds=0x7f5a7cdaa0, timeout=0x7f5a7cd970) at ../sysdeps/unix/sysv/linux/select.c:69
#1  0x0000007fb57152c8 in CEC::CLinuxCECAdapterCommunication::Process() () from /lib/aarch64-linux-gnu/libcec.so.6
#2  0x0000007fb56fd92c in P8PLATFORM::CThread::ThreadHandler(void*) () from /lib/aarch64-linux-gnu/libcec.so.6
#3  0x0000007fb12f2030 in start_thread (arg=0x0) at ./nptl/pthread_create.c:442
#4  0x0000007fb135bf1c in thread_start () at ../sysdeps/unix/sysv/linux/aarch64/clone.S:79

Thread 12 (Thread 0x7f3cf9e3c0 (LWP 1802)):
#0  0x0000007fb1351bfc in __GI___poll (fds=0x7f20000b70, nfds=2, timeout=<optimized out>) at ../sysdeps/unix/sysv/linux/poll.c:41
#1  0x0000007fb5899288 in ?? () from /lib/aarch64-linux-gnu/libavahi-common.so.3
#2  0x0000007fb5898df0 in avahi_simple_poll_run () from /lib/aarch64-linux-gnu/libavahi-common.so.3
#3  0x0000007fb589901c in avahi_simple_poll_iterate () from /lib/aarch64-linux-gnu/libavahi-common.so.3
#4  0x0000007fb58991f4 in avahi_simple_poll_loop () from /lib/aarch64-linux-gnu/libavahi-common.so.3
#5  0x0000007fb58992f4 in ?? () from /lib/aarch64-linux-gnu/libavahi-common.so.3
#6  0x0000007fb12f2030 in start_thread (arg=0x0) at ./nptl/pthread_create.c:442
#7  0x0000007fb135bf1c in thread_start () at ../sysdeps/unix/sysv/linux/aarch64/clone.S:79

Thread 11 (Thread 0x7f5bffe3c0 (LWP 1784)):
#0  0x0000007fb12ee834 in __futex_abstimed_wait_common64 (private=0, cancel=true, abstime=0x7f5bffd4e0, op=137, expected=0, futex_word=0x5567652018) at ./nptl/futex-internal.c:57
#1  __futex_abstimed_wait_common (cancel=true, private=0, abstime=0x7f5bffd4e0, clockid=1, expected=0, futex_word=0x5567652018) at ./nptl/futex-internal.c:87
#2  __GI___futex_abstimed_wait_cancelable64 (futex_word=futex_word@entry=0x5567652018, expected=expected@entry=0, clockid=clockid@entry=1, abstime=abstime@entry=0x7f5bffd4e0, private=private@entry=0) at ./nptl/futex-internal.c:139
#3  0x0000007fb12f19c0 in __pthread_cond_wait_common (abstime=0x7f5bffd4e0, clockid=1, mutex=0x55676c6ab0, cond=0x5567651ff0) at ./nptl/pthread_cond_wait.c:503
#4  ___pthread_cond_clockwait64 (abstime=0x7f5bffd4e0, clockid=1, mutex=0x55676c6ab0, cond=0x5567651ff0) at ./nptl/pthread_cond_wait.c:682
#5  ___pthread_cond_clockwait64 (cond=0x5567651ff0, mutex=0x55676c6ab0, clockid=1, abstime=0x7f5bffd4e0) at ./nptl/pthread_cond_wait.c:670
#6  0x0000005560e7e2c0 in PERIPHERALS::CEventScanner::Process() ()
#7  0x0000005560723ae8 in CThread::Action() ()
#8  0x0000005560724f48 in CThread::Create(bool)::{lambda(CThread*, std::promise<bool>)#1}::operator()(CThread*, std::promise<bool>) const [clone .constprop.0] ()
#9  0x0000005560725918 in std::thread::_State_impl<std::thread::_Invoker<std::tuple<CThread::Create(bool)::{lambda(CThread*, std::promise<bool>)#1}, CThread*, std::promise<bool> > > >::_M_run() ()
#10 0x0000007fb111e9dc in ?? () from /lib/aarch64-linux-gnu/libstdc++.so.6
#11 0x0000007fb12f2030 in start_thread (arg=0x0) at ./nptl/pthread_create.c:442
#12 0x0000007fb135bf1c in thread_start () at ../sysdeps/unix/sysv/linux/aarch64/clone.S:79

Thread 10 (Thread 0x7f992be3c0 (LWP 1554)):
#0  0x0000007fb1351bfc in __GI___poll (fds=0x7f88007200, nfds=2, timeout=<optimized out>) at ../sysdeps/unix/sysv/linux/poll.c:41
#1  0x0000007fb5344424 in ?? () from /lib/aarch64-linux-gnu/libpulse.so.0
#2  0x0000007fb5336074 in pa_mainloop_poll () from /lib/aarch64-linux-gnu/libpulse.so.0
#3  0x0000007fb5336784 in pa_mainloop_iterate () from /lib/aarch64-linux-gnu/libpulse.so.0
#4  0x0000007fb5336858 in pa_mainloop_run () from /lib/aarch64-linux-gnu/libpulse.so.0
#5  0x0000007fb5344508 in ?? () from /lib/aarch64-linux-gnu/libpulse.so.0
#6  0x0000007fb0b3caa0 in ?? () from /usr/lib/aarch64-linux-gnu/pulseaudio/libpulsecommon-16.1.so
#7  0x0000007fb12f2030 in start_thread (arg=0x0) at ./nptl/pthread_create.c:442
#8  0x0000007fb135bf1c in thread_start () at ../sysdeps/unix/sysv/linux/aarch64/clone.S:79

Thread 9 (Thread 0x7f5afde3c0 (LWP 1786)):
#0  0x0000007fb1326ce0 in __GI___clock_nanosleep (clock_id=<optimized out>, clock_id@entry=0, flags=flags@entry=0, req=0x7f5afdd4f0, rem=0x7f5afdd4f0) at ../sysdeps/unix/sysv/linux/clock_nanosleep.c:48
#1  0x0000007fb132bcac in __GI___nanosleep (req=<optimized out>, rem=<optimized out>) at ../sysdeps/unix/sysv/linux/nanosleep.c:25
#2  0x0000005560e5c3f4 in PERIPHERALS::CPeripheralCecAdapter::Process() ()
#3  0x0000005560723ae8 in CThread::Action() ()
#4  0x0000005560724f48 in CThread::Create(bool)::{lambda(CThread*, std::promise<bool>)#1}::operator()(CThread*, std::promise<bool>) const [clone .constprop.0] ()
#5  0x0000005560725918 in std::thread::_State_impl<std::thread::_Invoker<std::tuple<CThread::Create(bool)::{lambda(CThread*, std::promise<bool>)#1}, CThread*, std::promise<bool> > > >::_M_run() ()
#6  0x0000007fb111e9dc in ?? () from /lib/aarch64-linux-gnu/libstdc++.so.6
#7  0x0000007fb12f2030 in start_thread (arg=0x0) at ./nptl/pthread_create.c:442
#8  0x0000007fb135bf1c in thread_start () at ../sysdeps/unix/sysv/linux/aarch64/clone.S:79

Thread 8 (Thread 0x7f766cf3c0 (LWP 1780)):
#0  0x0000007fb12ee834 in __futex_abstimed_wait_common64 (private=0, cancel=true, abstime=0x7f766ceb18, op=393, expected=0, futex_word=0x5568c42c40) at ./nptl/futex-internal.c:57
#1  __futex_abstimed_wait_common (cancel=true, private=0, abstime=0x7f766ceb18, clockid=0, expected=0, futex_word=0x5568c42c40) at ./nptl/futex-internal.c:87
#2  __GI___futex_abstimed_wait_cancelable64 (futex_word=futex_word@entry=0x5568c42c40, expected=expected@entry=0, clockid=clockid@entry=0, abstime=abstime@entry=0x7f766ceb18, private=private@entry=0) at ./nptl/futex-internal.c:139
#3  0x0000007fb12f1688 in __pthread_cond_wait_common (abstime=0x7f766ceb18, clockid=0, mutex=0x5568c42bd0, cond=0x5568c42c18) at ./nptl/pthread_cond_wait.c:503
#4  ___pthread_cond_timedwait64 (cond=0x5568c42c18, mutex=0x5568c42bd0, abstime=0x7f766ceb18) at ./nptl/pthread_cond_wait.c:643
#5  0x0000007fb56f8560 in CEC::CCECClient::Process() () from /lib/aarch64-linux-gnu/libcec.so.6
#6  0x0000007fb56fd92c in P8PLATFORM::CThread::ThreadHandler(void*) () from /lib/aarch64-linux-gnu/libcec.so.6
#7  0x0000007fb12f2030 in start_thread (arg=0x0) at ./nptl/pthread_create.c:442
#8  0x0000007fb135bf1c in thread_start () at ../sysdeps/unix/sysv/linux/aarch64/clone.S:79

Thread 7 (Thread 0x7f85e193c0 (LWP 1771)):
#0  0x0000007fb12ee834 in __futex_abstimed_wait_common64 (private=0, cancel=true, abstime=0x7f85e183a0, op=137, expected=0, futex_word=0x55676f27d4) at ./nptl/futex-internal.c:57
#1  __futex_abstimed_wait_common (cancel=true, private=0, abstime=0x7f85e183a0, clockid=1, expected=0, futex_word=0x55676f27d4) at ./nptl/futex-internal.c:87
#2  __GI___futex_abstimed_wait_cancelable64 (futex_word=futex_word@entry=0x55676f27d4, expected=expected@entry=0, clockid=clockid@entry=1, abstime=abstime@entry=0x7f85e183a0, private=private@entry=0) at ./nptl/futex-internal.c:139
#3  0x0000007fb12f19c0 in __pthread_cond_wait_common (abstime=0x7f85e183a0, clockid=1, mutex=0x55676d4de0, cond=0x55676f27a8) at ./nptl/pthread_cond_wait.c:503
#4  ___pthread_cond_clockwait64 (abstime=0x7f85e183a0, clockid=1, mutex=0x55676d4de0, cond=0x55676f27a8) at ./nptl/pthread_cond_wait.c:682
#5  ___pthread_cond_clockwait64 (cond=0x55676f27a8, mutex=0x55676d4de0, clockid=1, abstime=0x7f85e183a0) at ./nptl/pthread_cond_wait.c:670
#6  0x00000055600c7ff8 in bool CEvent::Wait<long, std::ratio<1l, 1000l> >(std::chrono::duration<long, std::ratio<1l, 1000l> >) ()
#7  0x000000556126a068 in ActiveAE::CActiveAESink::Process() ()
#8  0x0000005560723ae8 in CThread::Action() ()
#9  0x0000005560724f48 in CThread::Create(bool)::{lambda(CThread*, std::promise<bool>)#1}::operator()(CThread*, std::promise<bool>) const [clone .constprop.0] ()
#10 0x0000005560725918 in std::thread::_State_impl<std::thread::_Invoker<std::tuple<CThread::Create(bool)::{lambda(CThread*, std::promise<bool>)#1}, CThread*, std::promise<bool> > > >::_M_run() ()
#11 0x0000007fb111e9dc in ?? () from /lib/aarch64-linux-gnu/libstdc++.so.6
#12 0x0000007fb12f2030 in start_thread (arg=0x0) at ./nptl/pthread_create.c:442
#13 0x0000007fb135bf1c in thread_start () at ../sysdeps/unix/sysv/linux/aarch64/clone.S:79

Thread 6 (Thread 0x7f597ae3c0 (LWP 1790)):
#0  0x0000007fb12ee834 in __futex_abstimed_wait_common64 (private=0, cancel=true, abstime=0x7f597ada88, op=393, expected=0, futex_word=0x7f597adad8) at ./nptl/futex-internal.c:57
#1  __futex_abstimed_wait_common (cancel=true, private=0, abstime=0x7f597ada88, clockid=0, expected=0, futex_word=0x7f597adad8) at ./nptl/futex-internal.c:87
#2  __GI___futex_abstimed_wait_cancelable64 (futex_word=futex_word@entry=0x7f597adad8, expected=expected@entry=0, clockid=clockid@entry=0, abstime=abstime@entry=0x7f597ada88, private=private@entry=0) at ./nptl/futex-internal.c:139
#3  0x0000007fb12f1688 in __pthread_cond_wait_common (abstime=0x7f597ada88, clockid=0, mutex=0x7f597adae0, cond=0x7f597adab0) at ./nptl/pthread_cond_wait.c:503
#4  ___pthread_cond_timedwait64 (cond=0x7f597adab0, mutex=0x7f597adae0, abstime=0x7f597ada88) at ./nptl/pthread_cond_wait.c:643
#5  0x0000007fb56ff8e0 in CEC::CCECStandbyProtection::Process() () from /lib/aarch64-linux-gnu/libcec.so.6
#6  0x0000007fb56fd92c in P8PLATFORM::CThread::ThreadHandler(void*) () from /lib/aarch64-linux-gnu/libcec.so.6
#7  0x0000007fb12f2030 in start_thread (arg=0x0) at ./nptl/pthread_create.c:442
#8  0x0000007fb135bf1c in thread_start () at ../sysdeps/unix/sysv/linux/aarch64/clone.S:79

Thread 5 (Thread 0x7f5b7ee3c0 (LWP 1785)):
#0  0x0000007fb12ee834 in __futex_abstimed_wait_common64 (private=0, cancel=true, abstime=0x7f5b7edb18, op=393, expected=0, futex_word=0x7f6001ce10) at ./nptl/futex-internal.c:57
#1  __futex_abstimed_wait_common (cancel=true, private=0, abstime=0x7f5b7edb18, clockid=1625682096, expected=0, futex_word=0x7f6001ce10) at ./nptl/futex-internal.c:87
#2  __GI___futex_abstimed_wait_cancelable64 (futex_word=futex_word@entry=0x7f6001ce10, expected=expected@entry=0, clockid=clockid@entry=0, abstime=abstime@entry=0x7f5b7edb18, private=private@entry=0) at ./nptl/futex-internal.c:139
#3  0x0000007fb12f1688 in __pthread_cond_wait_common (abstime=0x7f5b7edb18, clockid=0, mutex=0x7f6001cda0, cond=0x7f6001cde8) at ./nptl/pthread_cond_wait.c:503
#4  ___pthread_cond_timedwait64 (cond=0x7f6001cde8, mutex=0x7f6001cda0, abstime=0x7f5b7edb18) at ./nptl/pthread_cond_wait.c:643
#5  0x0000007fb56f8560 in CEC::CCECClient::Process() () from /lib/aarch64-linux-gnu/libcec.so.6
#6  0x0000007fb56fd92c in P8PLATFORM::CThread::ThreadHandler(void*) () from /lib/aarch64-linux-gnu/libcec.so.6
#7  0x0000007fb12f2030 in start_thread (arg=0x0) at ./nptl/pthread_create.c:442
#8  0x0000007fb135bf1c in thread_start () at ../sysdeps/unix/sysv/linux/aarch64/clone.S:79

Thread 4 (Thread 0x7fb5605040 (LWP 1346)):
#0  0x0000007fb0f703c4 in _Unwind_Find_FDE () from /lib/aarch64-linux-gnu/libgcc_s.so.1
#1  0x0000007fb0f6d140 in ?? () from /lib/aarch64-linux-gnu/libgcc_s.so.1
#2  0x0000007fb0f6e7d0 in _Unwind_RaiseException () from /lib/aarch64-linux-gnu/libgcc_s.so.1
#3  0x0000007fb10f26f8 in __cxa_throw () from /lib/aarch64-linux-gnu/libstdc++.so.6
#4  0x0000007fb15535b4 in wayland::display_t::flush() const () from /lib/aarch64-linux-gnu/libwayland-client++.so.1
#5  0x00000055612d0a90 in KODI::WINDOWING::WAYLAND::CWinSystemWaylandEGLContext::PresentFrame(bool) ()
#6  0x00000055602b682c in CRenderSystemGLES::PresentRender(bool, bool) ()
#7  0x00000055606032e4 in CGraphicContext::Flip(bool, bool) ()
#8  0x000000556096197c in CApplication::Render() ()
#9  0x0000005560961070 in CApplication::Run() ()
#10 0x0000005560004a80 in main ()

Thread 3 (Thread 0x7f866293c0 (LWP 1770)):
#0  0x0000007fb12ee834 in __futex_abstimed_wait_common64 (private=0, cancel=true, abstime=0x7f866283a0, op=137, expected=0, futex_word=0x55676f1ef0) at ./nptl/futex-internal.c:57
#1  __futex_abstimed_wait_common (cancel=true, private=0, abstime=0x7f866283a0, clockid=1, expected=0, futex_word=0x55676f1ef0) at ./nptl/futex-internal.c:87
#2  __GI___futex_abstimed_wait_cancelable64 (futex_word=futex_word@entry=0x55676f1ef0, expected=expected@entry=0, clockid=clockid@entry=1, abstime=abstime@entry=0x7f866283a0, private=private@entry=0) at ./nptl/futex-internal.c:139
#3  0x0000007fb12f19c0 in __pthread_cond_wait_common (abstime=0x7f866283a0, clockid=1, mutex=0x55676029c0, cond=0x55676f1ec8) at ./nptl/pthread_cond_wait.c:503
#4  ___pthread_cond_clockwait64 (abstime=0x7f866283a0, clockid=1, mutex=0x55676029c0, cond=0x55676f1ec8) at ./nptl/pthread_cond_wait.c:682
#5  ___pthread_cond_clockwait64 (cond=0x55676f1ec8, mutex=0x55676029c0, clockid=1, abstime=0x7f866283a0) at ./nptl/pthread_cond_wait.c:670
#6  0x00000055600c7ff8 in bool CEvent::Wait<long, std::ratio<1l, 1000l> >(std::chrono::duration<long, std::ratio<1l, 1000l> >) ()
#7  0x0000005561260a0c in ActiveAE::CActiveAE::Process() ()
#8  0x0000005560723ae8 in CThread::Action() ()
#9  0x0000005560724f48 in CThread::Create(bool)::{lambda(CThread*, std::promise<bool>)#1}::operator()(CThread*, std::promise<bool>) const [clone .constprop.0] ()
#10 0x0000005560725918 in std::thread::_State_impl<std::thread::_Invoker<std::tuple<CThread::Create(bool)::{lambda(CThread*, std::promise<bool>)#1}, CThread*, std::promise<bool> > > >::_M_run() ()
#11 0x0000007fb111e9dc in ?? () from /lib/aarch64-linux-gnu/libstdc++.so.6
#12 0x0000007fb12f2030 in start_thread (arg=0x0) at ./nptl/pthread_create.c:442
#13 0x0000007fb135bf1c in thread_start () at ../sysdeps/unix/sysv/linux/aarch64/clone.S:79

Thread 2 (Thread 0x7f75ebf3c0 (LWP 1781)):
#0  0x0000007fb1351bfc in __GI___poll (fds=0x7f75ebe390, nfds=1, timeout=<optimized out>) at ../sysdeps/unix/sysv/linux/poll.c:41
#1  0x0000005560313e1c in PERIPHERALS::CPeripheralBusUSB::WaitForUpdate() ()
#2  0x0000005560314224 in PERIPHERALS::CPeripheralBusUSB::Process() ()
#3  0x0000005560723ae8 in CThread::Action() ()
#4  0x0000005560724f48 in CThread::Create(bool)::{lambda(CThread*, std::promise<bool>)#1}::operator()(CThread*, std::promise<bool>) const [clone .constprop.0] ()
#5  0x0000005560725918 in std::thread::_State_impl<std::thread::_Invoker<std::tuple<CThread::Create(bool)::{lambda(CThread*, std::promise<bool>)#1}, CThread*, std::promise<bool> > > >::_M_run() ()
#6  0x0000007fb111e9dc in ?? () from /lib/aarch64-linux-gnu/libstdc++.so.6
#7  0x0000007fb12f2030 in start_thread (arg=0x0) at ./nptl/pthread_create.c:442
#8  0x0000007fb135bf1c in thread_start () at ../sysdeps/unix/sysv/linux/aarch64/clone.S:79

Thread 1 (Thread 0x7f877ee3c0 (LWP 1741)):
#0  __pthread_kill_implementation (threadid=547734086592, signo=signo@entry=6, no_tid=no_tid@entry=0) at ./nptl/pthread_kill.c:44
#1  0x0000007fb12f3c64 in __pthread_kill_internal (signo=6, threadid=<optimized out>) at ./nptl/pthread_kill.c:78
#2  0x0000007fb12aa8ac in __GI_raise (sig=sig@entry=6) at ../sysdeps/posix/raise.c:26
#3  0x0000007fb1297480 in __GI_abort () at ./stdlib/abort.c:79
#4  0x0000007fb10f49c8 in __gnu_cxx::__verbose_terminate_handler() () from /lib/aarch64-linux-gnu/libstdc++.so.6
#5  0x0000007fb10f23bc in ?? () from /lib/aarch64-linux-gnu/libstdc++.so.6
#6  0x0000007fb10f2420 in std::terminate() () from /lib/aarch64-linux-gnu/libstdc++.so.6
#7  0x00000055612c1978 in (anonymous namespace)::CWinEventsWaylandThread::Process() ()
#8  0x0000005560723ae8 in CThread::Action() ()
#9  0x0000005560724f48 in CThread::Create(bool)::{lambda(CThread*, std::promise<bool>)#1}::operator()(CThread*, std::promise<bool>) const [clone .constprop.0] ()
#10 0x0000005560725918 in std::thread::_State_impl<std::thread::_Invoker<std::tuple<CThread::Create(bool)::{lambda(CThread*, std::promise<bool>)#1}, CThread*, std::promise<bool> > > >::_M_run() ()
#11 0x0000007fb111e9dc in ?? () from /lib/aarch64-linux-gnu/libstdc++.so.6
#12 0x0000007fb12f2030 in start_thread (arg=0x0) at ./nptl/pthread_create.c:442
#13 0x0000007fb135bf1c in thread_start () at ../sysdeps/unix/sysv/linux/aarch64/clone.S:79
############# END STACK TRACE ###############

################# LOG FILE ##################

﻿2026-07-23 14:54:42.386 T:1346     info <general>: -----------------------------------------------------------------------
2026-07-23 14:54:42.386 T:1346     info <general>: Starting Kodi (20.5 (20.5.0) Git:20240501-8c8d7afa26). Platform: Linux ARM 64-bit
2026-07-23 14:54:42.386 T:1346     info <general>: Using Release Kodi x64
2026-07-23 14:54:42.386 T:1346     info <general>: Kodi compiled 2024-05-01 by GCC 12.2.0 for Linux ARM 64-bit version 6.6.20 (394772)
2026-07-23 14:54:42.386 T:1346     info <general>: Running on Debian GNU/Linux 12 (bookworm), kernel: Linux ARM 64-bit version 6.12.87+rpt-rpi-v8
2026-07-23 14:54:42.390 T:1346     info <general>: FFmpeg version/source: 5.1.8-0+deb12u1+rpt1
2026-07-23 14:54:42.390 T:1346     info <general>: 4 CPU cores available
2026-07-23 14:54:42.391 T:1346     info <general>: ARM Features: Neon enabled
2026-07-23 14:54:42.391 T:1346     info <general>: special://xbmc/ is mapped to: /usr/share/kodi
2026-07-23 14:54:42.391 T:1346     info <general>: special://xbmcbin/ is mapped to: /usr/lib/aarch64-linux-gnu/kodi
2026-07-23 14:54:42.391 T:1346     info <general>: special://xbmcbinaddons/ is mapped to: /usr/lib/aarch64-linux-gnu/kodi/addons
2026-07-23 14:54:42.391 T:1346     info <general>: special://masterprofile/ is mapped to: /home/jasminuser/.kodi/userdata
2026-07-23 14:54:42.391 T:1346     info <general>: special://envhome/ is mapped to: /home/jasminuser
2026-07-23 14:54:42.391 T:1346     info <general>: special://home/ is mapped to: /home/jasminuser/.kodi
2026-07-23 14:54:42.391 T:1346     info <general>: special://temp/ is mapped to: /home/jasminuser/.kodi/temp
2026-07-23 14:54:42.391 T:1346     info <general>: special://logpath/ is mapped to: /home/jasminuser/.kodi/temp
2026-07-23 14:54:42.391 T:1346     info <general>: Webserver extra whitelist paths: 
2026-07-23 14:54:42.391 T:1346     info <general>: The executable running is: /usr/lib/aarch64-linux-gnu/kodi/kodi.bin
2026-07-23 14:54:42.391 T:1346     info <general>: Local hostname: raspberrypi
2026-07-23 14:54:42.391 T:1346     info <general>: Log File is located: /home/jasminuser/.kodi/temp/kodi.log
2026-07-23 14:54:42.395 T:1346     info <general>: -----------------------------------------------------------------------
2026-07-23 14:54:42.406 T:1346     info <general>: loading settings
2026-07-23 14:54:42.408 T:1346     info <general>: special://profile/ is mapped to: special://masterprofile/
2026-07-23 14:54:42.435 T:1346     info <general>: No settings file to load (special://xbmc/system/advancedsettings.xml)
2026-07-23 14:54:42.448 T:1346    error <general>: Error loading special://profile/advancedsettings.xml, Line 5
                                                   Error reading end tag.
2026-07-23 14:54:42.448 T:1346     info <general>: Default Video Player: VideoPlayer
2026-07-23 14:54:42.448 T:1346     info <general>: Default Audio Player: paplayer
2026-07-23 14:54:42.448 T:1346     info <general>: Disabled debug logging due to GUI setting. Level 0.
2026-07-23 14:54:42.448 T:1346     info <general>: Log level changed to "info"
2026-07-23 14:54:42.451 T:1346     info <general>: CMediaSourceSettings: loading media sources from special://masterprofile/sources.xml
2026-07-23 14:54:42.467 T:1346     info <general>: creating subdirectories
2026-07-23 14:54:42.467 T:1346     info <general>: userdata folder: special://masterprofile/
2026-07-23 14:54:42.467 T:1346     info <general>: recording folder: 
2026-07-23 14:54:42.467 T:1346     info <general>: screenshots folder: 
2026-07-23 14:54:42.512 T:1346     info <general>: Running database version Addons33
2026-07-23 14:54:42.524 T:1346    error <general>: GetDirectory - Error getting /usr/lib/aarch64-linux-gnu/kodi/addons
2026-07-23 14:54:42.524 T:1346    error <general>: GetDirectory - Error getting special://xbmcbin/addons
2026-07-23 14:54:42.852 T:1346     info <general>: CAddonMgr::FindAddons: audioencoder.kodi.builtin.aac v1.0.2 installed
2026-07-23 14:54:42.852 T:1346     info <general>: CAddonMgr::FindAddons: audioencoder.kodi.builtin.wma v1.0.2 installed
2026-07-23 14:54:42.852 T:1346     info <general>: CAddonMgr::FindAddons: game.controller.default v1.0.42 installed
2026-07-23 14:54:42.853 T:1346     info <general>: CAddonMgr::FindAddons: game.controller.keyboard v1.1.43 installed
2026-07-23 14:54:42.853 T:1346     info <general>: CAddonMgr::FindAddons: game.controller.mouse v1.0.26 installed
2026-07-23 14:54:42.854 T:1346     info <general>: CAddonMgr::FindAddons: game.controller.snes v1.0.43 installed
2026-07-23 14:54:42.854 T:1346     info <general>: CAddonMgr::FindAddons: kodi.binary.global.audioengine v1.1.1 installed
2026-07-23 14:54:42.854 T:1346     info <general>: CAddonMgr::FindAddons: kodi.binary.global.filesystem v1.1.8 installed
2026-07-23 14:54:42.854 T:1346     info <general>: CAddonMgr::FindAddons: kodi.binary.global.general v1.0.5 installed
2026-07-23 14:54:42.855 T:1346     info <general>: CAddonMgr::FindAddons: kodi.binary.global.gui v5.15.0 installed
2026-07-23 14:54:42.855 T:1346     info <general>: CAddonMgr::FindAddons: kodi.binary.global.main v2.0.2 installed
2026-07-23 14:54:42.857 T:1346     info <general>: CAddonMgr::FindAddons: kodi.binary.global.network v1.0.4 installed
2026-07-23 14:54:42.857 T:1346     info <general>: CAddonMgr::FindAddons: kodi.binary.global.tools v1.0.4 installed
2026-07-23 14:54:42.857 T:1346     info <general>: CAddonMgr::FindAddons: kodi.binary.instance.audiodecoder v4.0.0 installed
2026-07-23 14:54:42.858 T:1346     info <general>: CAddonMgr::FindAddons: kodi.binary.instance.audioencoder v3.0.0 installed
2026-07-23 14:54:42.858 T:1346     info <general>: CAddonMgr::FindAddons: kodi.binary.instance.game v3.0.0 installed
2026-07-23 14:54:42.858 T:1346     info <general>: CAddonMgr::FindAddons: kodi.binary.instance.imagedecoder v3.0.1 installed
2026-07-23 14:54:42.858 T:1346     info <general>: CAddonMgr::FindAddons: kodi.binary.instance.inputstream v3.2.0 installed
2026-07-23 14:54:42.858 T:1346     info <general>: CAddonMgr::FindAddons: kodi.binary.instance.peripheral v2.0.0 installed
2026-07-23 14:54:42.858 T:1346     info <general>: CAddonMgr::FindAddons: kodi.binary.instance.pvr v8.2.0 installed
2026-07-23 14:54:42.858 T:1346     info <general>: CAddonMgr::FindAddons: kodi.binary.instance.screensaver v2.2.0 installed
2026-07-23 14:54:42.859 T:1346     info <general>: CAddonMgr::FindAddons: kodi.binary.instance.vfs v3.0.1 installed
2026-07-23 14:54:42.859 T:1346     info <general>: CAddonMgr::FindAddons: kodi.binary.instance.videocodec v2.0.3 installed
2026-07-23 14:54:42.859 T:1346     info <general>: CAddonMgr::FindAddons: kodi.binary.instance.visualization v4.0.0 installed
2026-07-23 14:54:42.859 T:1346     info <general>: CAddonMgr::FindAddons: kodi.resource v1.0.0 installed
2026-07-23 14:54:42.859 T:1346     info <general>: CAddonMgr::FindAddons: metadata.album.universal v3.1.18 installed
2026-07-23 14:54:42.859 T:1346     info <general>: CAddonMgr::FindAddons: metadata.artists.universal v4.3.21 installed
2026-07-23 14:54:42.859 T:1346     info <general>: CAddonMgr::FindAddons: metadata.common.allmusic.com v3.2.2 installed
2026-07-23 14:54:42.859 T:1346     info <general>: CAddonMgr::FindAddons: metadata.common.fanart.tv v3.6.5 installed
2026-07-23 14:54:42.859 T:1346     info <general>: CAddonMgr::FindAddons: metadata.common.musicbrainz.org v2.2.4 installed
2026-07-23 14:54:42.860 T:1346     info <general>: CAddonMgr::FindAddons: metadata.common.theaudiodb.com v2.0.3 installed
2026-07-23 14:54:42.860 T:1346     info <general>: CAddonMgr::FindAddons: metadata.generic.albums v1.0.18 installed
2026-07-23 14:54:42.860 T:1346     info <general>: CAddonMgr::FindAddons: metadata.generic.artists v1.0.14 installed
2026-07-23 14:54:42.860 T:1346     info <general>: CAddonMgr::FindAddons: metadata.local v1.0.1 installed
2026-07-23 14:54:42.860 T:1346     info <general>: CAddonMgr::FindAddons: metadata.themoviedb.org.python v3.2.0 installed
2026-07-23 14:54:42.860 T:1346     info <general>: CAddonMgr::FindAddons: metadata.tvshows.themoviedb.org.python v1.7.6 installed
2026-07-23 14:54:42.860 T:1346     info <general>: CAddonMgr::FindAddons: repository.xbmc.org v3.3.1 installed
2026-07-23 14:54:42.861 T:1346     info <general>: CAddonMgr::FindAddons: resource.images.weathericons.default v1.1.9 installed
2026-07-23 14:54:42.861 T:1346     info <general>: CAddonMgr::FindAddons: resource.language.en_gb v2.0.2 installed
2026-07-23 14:54:42.861 T:1346     info <general>: CAddonMgr::FindAddons: resource.uisounds.kodi v1.0.1 installed
2026-07-23 14:54:42.862 T:1346     info <general>: CAddonMgr::FindAddons: screensaver.xbmc.builtin.black v1.0.34 installed
2026-07-23 14:54:42.862 T:1346     info <general>: CAddonMgr::FindAddons: screensaver.xbmc.builtin.dim v1.0.66 installed
2026-07-23 14:54:42.862 T:1346     info <general>: CAddonMgr::FindAddons: script.module.pil v5.1.0 installed
2026-07-23 14:54:42.862 T:1346     info <general>: CAddonMgr::FindAddons: script.module.pycryptodome v3.4.3 installed
2026-07-23 14:54:42.863 T:1346     info <general>: CAddonMgr::FindAddons: service.xbmc.versioncheck v0.5.30+matrix.1 installed
2026-07-23 14:54:42.863 T:1346     info <general>: CAddonMgr::FindAddons: skin.estouchy v3.0.8 installed
2026-07-23 14:54:42.863 T:1346     info <general>: CAddonMgr::FindAddons: skin.estuary v3.0.10 installed
2026-07-23 14:54:42.863 T:1346     info <general>: CAddonMgr::FindAddons: webinterface.default v19.x-2.4.8 installed
2026-07-23 14:54:42.863 T:1346     info <general>: CAddonMgr::FindAddons: xbmc.addon v20.5.0 installed
2026-07-23 14:54:42.864 T:1346     info <general>: CAddonMgr::FindAddons: xbmc.core v0.1.0 installed
2026-07-23 14:54:42.864 T:1346     info <general>: CAddonMgr::FindAddons: xbmc.gui v5.16.0 installed
2026-07-23 14:54:42.864 T:1346     info <general>: CAddonMgr::FindAddons: xbmc.json v13.0.0 installed
2026-07-23 14:54:42.864 T:1346     info <general>: CAddonMgr::FindAddons: xbmc.metadata v2.1.0 installed
2026-07-23 14:54:42.864 T:1346     info <general>: CAddonMgr::FindAddons: xbmc.python v3.0.1 installed
2026-07-23 14:54:42.865 T:1346     info <general>: CAddonMgr::FindAddons: xbmc.webinterface v1.0.0 installed
2026-07-23 14:54:42.904 T:1346     info <general>: Selected Logind/UPower as PowerSyscall
2026-07-23 14:54:43.377 T:1555     info <general>: Loading special://xbmc/system/Lircmap.xml
2026-07-23 14:54:43.382 T:1555     info <general>: * Adding remote mapping for device 'mceusb'
2026-07-23 14:54:43.383 T:1555     info <general>: * Adding remote mapping for device 'XboxDVDDongle'
2026-07-23 14:54:43.383 T:1555     info <general>: * Adding remote mapping for device 'Microsoft_Xbox'
2026-07-23 14:54:43.383 T:1555     info <general>: * Adding remote mapping for device 'PinnacleSysPCTVRemote'
2026-07-23 14:54:43.383 T:1555     info <general>: * Adding remote mapping for device 'anysee'
2026-07-23 14:54:43.383 T:1555     info <general>: * Adding remote mapping for device 'iMON-PAD'
2026-07-23 14:54:43.383 T:1555     info <general>: * Adding remote mapping for device 'Antec_Veris_RM200'
2026-07-23 14:54:43.383 T:1555     info <general>: * Adding remote mapping for device 'MCE_via_iMON'
2026-07-23 14:54:43.383 T:1555     info <general>: * Adding remote mapping for device 'TwinHanRemote'
2026-07-23 14:54:43.383 T:1555     info <general>: * Adding remote mapping for device 'linux-input-layer'
2026-07-23 14:54:43.383 T:1555     info <general>: * Linking remote mapping for 'linux-input-layer' to 'cx23885_remote'
2026-07-23 14:54:43.383 T:1555     info <general>: * Adding remote mapping for device 'mediacenter'
2026-07-23 14:54:43.383 T:1555     info <general>: * Adding remote mapping for device 'devinput'
2026-07-23 14:54:43.383 T:1555     info <general>: * Adding remote mapping for device 'devinput-32'
2026-07-23 14:54:43.383 T:1555     info <general>: * Adding remote mapping for device 'devinput-64'
2026-07-23 14:54:43.601 T:1346     info <general>: Selected UPower as PowerSyscall
2026-07-23 14:54:43.605 T:1346    error <general>: DBus error: org.freedesktop.DBus.Error.InvalidArgs - No such property “CanSuspend”
2026-07-23 14:54:43.607 T:1346    error <general>: DBus error: org.freedesktop.DBus.Error.InvalidArgs - No such property “CanHibernate”
2026-07-23 14:54:43.641 T:1346     info <general>: CKeyboardLayoutManager: loading keyboard layouts from special://xbmc/system/keyboardlayouts...
2026-07-23 14:54:43.733 T:1346     info <general>: InitWindowSystem: Connecting to Wayland server
2026-07-23 14:54:43.743 T:1346     info <general>: Wayland presentation clock: 1
2026-07-23 14:54:43.744 T:1346     info <general>: UpdateResolutions: User wanted output "Default", we now have "Dell Inc. DELL P2217H" size 480x270 mm with 1 mode(s):
2026-07-23 14:54:43.744 T:1346     info <general>: UpdateResolutions: - 1920x1080 @60.000 Hz pixel ratio 1.000 current
2026-07-23 14:54:43.770 T:1346     info <general>: EGL_VERSION = 1.4
2026-07-23 14:54:43.770 T:1346     info <general>: EGL_VENDOR = Mesa Project
2026-07-23 14:54:43.770 T:1346     info <general>: EGL_EXTENSIONS = EGL_ANDROID_blob_cache EGL_ANDROID_native_fence_sync EGL_EXT_buffer_age EGL_EXT_config_select_group EGL_EXT_image_dma_buf_import EGL_EXT_image_dma_buf_import_modifiers EGL_EXT_present_opaque EGL_EXT_surface_compression EGL_EXT_swap_buffers_with_damage EGL_KHR_cl_event2 EGL_KHR_config_attribs EGL_KHR_context_flush_control EGL_KHR_create_context EGL_KHR_create_context_no_error EGL_KHR_fence_sync EGL_KHR_get_all_proc_addresses EGL_KHR_gl_colorspace EGL_KHR_gl_renderbuffer_image EGL_KHR_gl_texture_2D_image EGL_KHR_gl_texture_3D_image EGL_KHR_gl_texture_cubemap_image EGL_KHR_image_base EGL_KHR_no_config_context EGL_KHR_reusable_sync EGL_KHR_surfaceless_context EGL_KHR_swap_buffers_with_damage EGL_EXT_pixel_format_float EGL_KHR_wait_sync EGL_MESA_configless_context EGL_MESA_drm_image EGL_MESA_gl_interop EGL_MESA_image_dma_buf_export EGL_MESA_query_driver EGL_MESA_x11_native_visual_id EGL_WL_bind_wayland_display EGL_WL_create_wayland_buffer_from_image 
2026-07-23 14:54:43.770 T:1346     info <general>: EGL_CLIENT_EXTENSIONS = EGL_EXT_device_base EGL_EXT_device_enumeration EGL_EXT_device_query EGL_EXT_platform_base EGL_KHR_client_get_all_proc_addresses EGL_EXT_client_extensions EGL_KHR_debug EGL_EXT_platform_device EGL_EXT_explicit_device EGL_EXT_platform_wayland EGL_KHR_platform_wayland EGL_EXT_platform_x11 EGL_KHR_platform_x11 EGL_EXT_platform_xcb EGL_MESA_platform_gbm EGL_KHR_platform_gbm EGL_MESA_platform_surfaceless
2026-07-23 14:54:43.770 T:1346     info <general>: RetroPlayer[RENDER]: Registering renderer factory for DMA
2026-07-23 14:54:43.770 T:1346     info <general>: RetroPlayer[RENDER]: Registering renderer factory for OpenGLES
2026-07-23 14:54:43.770 T:1346     info <general>: CApplication::CreateGUI - using the wayland windowing system
2026-07-23 14:54:43.770 T:1346     info <general>: Checking resolution 15
2026-07-23 14:54:43.770 T:1346     info <general>: CreateNewWindow: Starting windowed size 1900x1028
2026-07-23 14:54:43.771 T:1346     info <general>: UpdateSizeVariables: Surface size changed: 0x0 -> 1900x1028
2026-07-23 14:54:43.772 T:1346     info <general>: UpdateSizeVariables: Buffer size changed: 0x0 -> 1900x1028
2026-07-23 14:54:43.772 T:1346     info <general>: UpdateSizeVariables: Configured size changed: 0x0 -> 1900x1028
2026-07-23 14:54:43.805 T:1346     info <general>: GL_VENDOR = Broadcom
2026-07-23 14:54:43.805 T:1346     info <general>: GL_RENDERER = V3D 4.2.14.0
2026-07-23 14:54:43.805 T:1346     info <general>: GL_VERSION = OpenGL ES 3.1 Mesa 24.2.8-1~bpo12+rpt4
2026-07-23 14:54:43.805 T:1346     info <general>: GL_SHADING_LANGUAGE_VERSION = OpenGL ES GLSL ES 3.10
2026-07-23 14:54:43.805 T:1346     info <general>: GL_EXTENSIONS = GL_EXT_blend_minmax GL_EXT_multi_draw_arrays GL_EXT_texture_filter_anisotropic GL_EXT_texture_compression_s3tc GL_EXT_texture_compression_dxt1 GL_EXT_texture_compression_rgtc GL_EXT_texture_format_BGRA8888 GL_OES_compressed_ETC1_RGB8_texture GL_OES_depth24 GL_OES_element_index_uint GL_OES_fbo_render_mipmap GL_OES_mapbuffer GL_OES_rgb8_rgba8 GL_OES_standard_derivatives GL_OES_stencil8 GL_OES_texture_3D GL_OES_texture_float GL_OES_texture_half_float GL_OES_texture_half_float_linear GL_OES_texture_npot GL_OES_vertex_half_float GL_EXT_draw_instanced GL_EXT_texture_sRGB_decode GL_OES_EGL_image GL_OES_depth_texture GL_AMD_performance_monitor GL_OES_packed_depth_stencil GL_EXT_texture_type_2_10_10_10_REV GL_NV_conditional_render GL_OES_get_program_binary GL_APPLE_texture_max_level GL_EXT_discard_framebuffer GL_EXT_read_format_bgra GL_EXT_texture_storage GL_NV_pack_subimage GL_NV_texture_barrier GL_EXT_frag_depth GL_NV_fbo_color_attachments GL_OES_EGL_image_external GL_OES_EGL_sync GL_OES_vertex_array_object GL_ANGLE_pack_reverse_row_order GL_ANGLE_texture_compression_dxt3 GL_ANGLE_texture_compression_dxt5 GL_EXT_occlusion_query_boolean GL_EXT_texture_rg GL_EXT_unpack_subimage GL_NV_draw_buffers GL_NV_read_buffer GL_NV_read_depth GL_NV_read_depth_stencil GL_NV_read_stencil GL_APPLE_sync GL_EXT_draw_buffers GL_EXT_instanced_arrays GL_EXT_map_buffer_range GL_EXT_shadow_samplers GL_KHR_debug GL_KHR_texture_compression_astc_ldr GL_NV_generate_mipmap_sRGB GL_NV_pixel_buffer_object GL_OES_depth_texture_cube_map GL_OES_required_internalformat GL_OES_surfaceless_context GL_EXT_color_buffer_float GL_EXT_debug_label GL_EXT_sRGB_write_control GL_EXT_separate_shader_objects GL_EXT_shader_implicit_conversions GL_EXT_shader_integer_mix GL_EXT_base_instance GL_EXT_compressed_ETC1_RGB8_sub_texture GL_EXT_copy_image GL_EXT_draw_buffers_indexed GL_EXT_draw_elements_base_vertex GL_EXT_polygon_offset_clamp GL_EXT_primitive_bounding_box GL_EXT_shader_io_blocks GL_EXT_texture_border_clamp GL_EXT_texture_cube_map_array GL_EXT_texture_view GL_KHR_context_flush_control GL_NV_image_formats GL_NV_shader_noperspective_interpolation GL_OES_copy_image GL_OES_draw_buffers_indexed GL_OES_draw_elements_base_vertex GL_OES_primitive_bounding_box GL_OES_shader_io_blocks GL_OES_texture_border_clamp GL_OES_texture_cube_map_array GL_OES_texture_stencil8 GL_OES_texture_storage_multisample_2d_array GL_OES_texture_view GL_EXT_buffer_storage GL_EXT_float_blend GL_EXT_geometry_point_size GL_EXT_geometry_shader GL_KHR_no_error GL_KHR_texture_compression_astc_sliced_3d GL_OES_EGL_image_external_essl3 GL_OES_geometry_point_size GL_OES_geometry_shader GL_OES_shader_image_atomic GL_EXT_clear_texture GL_EXT_texture_compression_s3tc_srgb GL_MESA_shader_integer_functions GL_EXT_color_buffer_half_float GL_EXT_texture_mirror_clamp_to_edge GL_KHR_parallel_shader_compile GL_EXT_EGL_image_storage GL_MESA_framebuffer_flip_y GL_EXT_texture_query_lod GL_MESA_sampler_objects GL_EXT_EGL_image_storage_compression GL_EXT_texture_storage_compression GL_MESA_bgra 
2026-07-23 14:54:43.932 T:1346     info <general>: SetResolutionExternal: Kodi asked to switch mode to 1900x1028 @0.000 Hz on output "" windowed
2026-07-23 14:54:43.932 T:1346     info <general>: GLES: Maximum texture width: 4096
2026-07-23 14:54:43.932 T:1346     info <general>: GetOSScreenSaverImpl: Using idle-inhibit-unstable-v1 protocol for screen saver inhibition
2026-07-23 14:54:44.195 T:1346     info <general>: GLES: Enabling VSYNC
2026-07-23 14:54:44.198 T:1346     info <general>: UpdateResolutions: User wanted output "Default", we now have "Dell Inc. DELL P2217H" size 480x270 mm with 1 mode(s):
2026-07-23 14:54:44.198 T:1346     info <general>: UpdateResolutions: - 1920x1080 @60.000 Hz pixel ratio 1.000 current
2026-07-23 14:54:44.198 T:1346     info <general>: load keymapping
2026-07-23 14:54:44.206 T:1346     info <general>: Loading special://xbmc/system/keymaps/appcommand.xml
2026-07-23 14:54:44.209 T:1346     info <general>: Loading special://xbmc/system/keymaps/customcontroller.AppleRemote.xml
2026-07-23 14:54:44.211 T:1346     info <general>: Loading special://xbmc/system/keymaps/customcontroller.Harmony.xml
2026-07-23 14:54:44.216 T:1346     info <general>: Loading special://xbmc/system/keymaps/customcontroller.SiriRemote.xml
2026-07-23 14:54:44.219 T:1346     info <general>: Loading special://xbmc/system/keymaps/gamepad.xml
2026-07-23 14:54:44.240 T:1346     info <general>: Loading special://xbmc/system/keymaps/joystick.xml
2026-07-23 14:54:44.248 T:1346     info <general>: Loading special://xbmc/system/keymaps/keyboard.xml
2026-07-23 14:54:44.256 T:1346     info <general>: Loading special://xbmc/system/keymaps/mouse.xml
2026-07-23 14:54:44.259 T:1346     info <general>: Loading special://xbmc/system/keymaps/remote.xml
2026-07-23 14:54:44.265 T:1346     info <general>: Loading special://xbmc/system/keymaps/touchscreen.xml
2026-07-23 14:54:44.274 T:1346     info <general>: GUI format 1900x1028, Display Windowed
2026-07-23 14:54:44.285 T:1770  warning <general>: Pulseaudio module module-allow-passthrough not loaded - opening PT devices might fail
2026-07-23 14:54:44.287 T:1770     info <general>: Found 1 Lists of Devices
2026-07-23 14:54:44.287 T:1770     info <general>: Enumerated PULSE devices:
2026-07-23 14:54:44.287 T:1770     info <general>:     Device 1
2026-07-23 14:54:44.287 T:1770     info <general>:         m_deviceName      : Default
2026-07-23 14:54:44.287 T:1770     info <general>:         m_displayName     : Default
2026-07-23 14:54:44.287 T:1770     info <general>:         m_displayNameExtra: Default Output Device (PULSEAUDIO)
2026-07-23 14:54:44.287 T:1770     info <general>:         m_deviceType      : AE_DEVTYPE_PCM
2026-07-23 14:54:44.287 T:1770     info <general>:         m_channels        : FL, FR
2026-07-23 14:54:44.287 T:1770     info <general>:         m_sampleRates     : 5512,8000,11025,16000,22050,32000,44100,48000,64000,88200,96000,176400,192000,384000
2026-07-23 14:54:44.287 T:1770     info <general>:         m_dataFormats     : AE_FMT_U8,AE_FMT_S16NE,AE_FMT_S24NE3,AE_FMT_S24NE4,AE_FMT_S32NE,AE_FMT_FLOAT
2026-07-23 14:54:44.287 T:1770     info <general>:         m_streamTypes     : No passthrough capabilities
2026-07-23 14:54:44.287 T:1770     info <general>:     Device 2
2026-07-23 14:54:44.287 T:1770     info <general>:         m_deviceName      : alsa_output.platform-fe00b840.mailbox.stereo-fallback
2026-07-23 14:54:44.287 T:1770     info <general>:         m_displayName     : Built-in Audio Stereo
2026-07-23 14:54:44.287 T:1770     info <general>:         m_displayNameExtra: Analog Output (PULSEAUDIO)
2026-07-23 14:54:44.287 T:1770     info <general>:         m_deviceType      : AE_DEVTYPE_PCM
2026-07-23 14:54:44.287 T:1770     info <general>:         m_channels        : FL, FR
2026-07-23 14:54:44.287 T:1770     info <general>:         m_sampleRates     : 5512,8000,11025,16000,22050,32000,44100,48000,64000,88200,96000,176400,192000,384000
2026-07-23 14:54:44.287 T:1770     info <general>:         m_dataFormats     : AE_FMT_U8,AE_FMT_S16NE,AE_FMT_S24NE3,AE_FMT_S24NE4,AE_FMT_S32NE,AE_FMT_FLOAT
2026-07-23 14:54:44.287 T:1770     info <general>:         m_streamTypes     : No passthrough capabilities
2026-07-23 14:54:44.288 T:1770     info <general>:     Device 3
2026-07-23 14:54:44.288 T:1770     info <general>:         m_deviceName      : alsa_output.platform-fef00700.hdmi.hdmi-stereo
2026-07-23 14:54:44.288 T:1770     info <general>:         m_displayName     : Built-in Audio Digital Stereo (HDMI)
2026-07-23 14:54:44.288 T:1770     info <general>:         m_displayNameExtra: HDMI / DisplayPort (PULSEAUDIO)
2026-07-23 14:54:44.288 T:1770     info <general>:         m_deviceType      : AE_DEVTYPE_IEC958
2026-07-23 14:54:44.288 T:1770     info <general>:         m_channels        : FL, FR
2026-07-23 14:54:44.288 T:1770     info <general>:         m_sampleRates     : 5512,8000,11025,16000,22050,32000,44100,48000,64000,88200,96000,176400,192000,384000
2026-07-23 14:54:44.288 T:1770     info <general>:         m_dataFormats     : AE_FMT_U8,AE_FMT_S16NE,AE_FMT_S24NE3,AE_FMT_S24NE4,AE_FMT_S32NE,AE_FMT_FLOAT,AE_FMT_RAW
2026-07-23 14:54:44.288 T:1770     info <general>:         m_streamTypes     : STREAM_TYPE_DTSHD_CORE,STREAM_TYPE_DTS_1024,STREAM_TYPE_DTS_512,STREAM_TYPE_DTS_2048,STREAM_TYPE_AC3,STREAM_TYPE_EAC3
2026-07-23 14:54:44.288 T:1770     info <general>:     Device 4
2026-07-23 14:54:44.288 T:1770     info <general>:         m_deviceName      : alsa_output.platform-fef05700.hdmi.hdmi-stereo
2026-07-23 14:54:44.288 T:1770     info <general>:         m_displayName     : Built-in Audio Digital Stereo (HDMI)
2026-07-23 14:54:44.288 T:1770     info <general>:         m_displayNameExtra: HDMI / DisplayPort (PULSEAUDIO)
2026-07-23 14:54:44.288 T:1770     info <general>:         m_deviceType      : AE_DEVTYPE_PCM
2026-07-23 14:54:44.288 T:1770     info <general>:         m_channels        : FL, FR
2026-07-23 14:54:44.288 T:1770     info <general>:         m_sampleRates     : 5512,8000,11025,16000,22050,32000,44100,48000,64000,88200,96000,176400,192000,384000
2026-07-23 14:54:44.288 T:1770     info <general>:         m_dataFormats     : AE_FMT_U8,AE_FMT_S16NE,AE_FMT_S24NE3,AE_FMT_S24NE4,AE_FMT_S32NE,AE_FMT_FLOAT
2026-07-23 14:54:44.288 T:1770     info <general>:         m_streamTypes     : No passthrough capabilities
2026-07-23 14:54:44.289 T:1771     info <general>: CActiveAESink::OpenSink - initialize sink
2026-07-23 14:54:44.357 T:1771     info <general>: PulseAudio: Opened device Default in pcm mode with Buffersize 150 ms Periodsize 50 ms
2026-07-23 14:54:44.365 T:1346     info <general>: CLangInfo: loading resource.language.en_gb language information...
2026-07-23 14:54:44.424 T:1346     info <general>: global locale set to C
2026-07-23 14:54:44.424 T:1346     info <general>: CLangInfo: loading resource.language.en_gb language strings...
2026-07-23 14:54:44.605 T:1776     info <general>: Running database version Addons33
2026-07-23 14:54:44.613 T:1776     info <general>: Running database version ViewModes6
2026-07-23 14:54:44.618 T:1776     info <general>: Running database version Textures13
2026-07-23 14:54:44.648 T:1776     info <general>: Running database version MyMusic82
2026-07-23 14:54:44.669 T:1776     info <general>: Running database version MyVideos121
2026-07-23 14:54:44.678 T:1776     info <general>: Running database version TV40
2026-07-23 14:54:44.690 T:1776     info <general>: Running database version Epg16
2026-07-23 14:54:44.795 T:1346     info <general>: Unloaded skin
2026-07-23 14:54:44.802 T:1346     info <general>:   load skin from: /usr/share/kodi/addons/skin.estuary/ (version: 3.0.10)
2026-07-23 14:54:44.802 T:1346     info <general>:   load fonts for skin...
2026-07-23 14:54:44.810 T:1346     info <general>: Loading skin includes from /usr/share/kodi/addons/skin.estuary/xml/Includes.xml
2026-07-23 14:54:44.913 T:1346     info <general>: LoadFonts: Loading fonts from '/usr/share/kodi/addons/skin.estuary/xml/Font.xml'
2026-07-23 14:54:44.972 T:1346     info <general>: LoadTimers: Trying to load skin timers from /usr/share/kodi/addons/skin.estuary/xml/Timers.xml
2026-07-23 14:54:44.975 T:1346     info <general>:   load new skin...
2026-07-23 14:54:44.976 T:1346     info <general>: Loading custom window XMLs from skin path /usr/share/kodi/addons/skin.estuary/xml
2026-07-23 14:54:45.011 T:1346     info <general>:   initialize new skin...
2026-07-23 14:54:45.011 T:1346     info <general>: Loading skin file: Custom_1109_TopBarOverlay.xml, load type: LOAD_ON_GUI_INIT
2026-07-23 14:54:45.056 T:1346     info <general>: Loading skin file: DialogBusy.xml, load type: LOAD_ON_GUI_INIT
2026-07-23 14:54:45.060 T:1346     info <general>: Loading skin file: DialogNotification.xml, load type: LOAD_ON_GUI_INIT
2026-07-23 14:54:45.065 T:1346     info <general>: Loading skin file: DialogSeekBar.xml, load type: LOAD_ON_GUI_INIT
2026-07-23 14:54:45.081 T:1346     info <general>: Loading skin file: DialogExtendedProgressBar.xml, load type: LOAD_ON_GUI_INIT
2026-07-23 14:54:45.085 T:1346     info <general>: Loading skin file: Pointer.xml, load type: LOAD_ON_GUI_INIT
2026-07-23 14:54:45.093 T:1346     info <general>: Loading skin file: DialogBusy.xml, load type: LOAD_ON_GUI_INIT
2026-07-23 14:54:45.094 T:1346     info <general>: Loading skin file: DialogVolumeBar.xml, load type: LOAD_ON_GUI_INIT
2026-07-23 14:54:45.097 T:1346     info <general>: Loading resource://resource.uisounds.kodi/sounds.xml
2026-07-23 14:54:45.306 T:1346     info <general>:   skin loaded...
2026-07-23 14:54:45.306 T:1346     info <general>: Loading skin file: Startup.xml, load type: LOAD_EVERY_TIME
2026-07-23 14:54:45.309 T:1346     info <general>: Loading skin file: Home.xml, load type: KEEP_IN_MEMORY
2026-07-23 14:54:45.900 T:1346  warning <general>: JSONRPC: Could not parse type "Setting.Details.SettingList"
2026-07-23 14:54:45.900 T:1346     info <general>: JSONRPC: Adding type "Setting.Details.SettingList" to list of incomplete definitions (waiting for "Setting.Details.Setting")
2026-07-23 14:54:45.900 T:1346     info <general>: JSONRPC: Resolving incomplete types/methods referencing Setting.Details.Setting
2026-07-23 14:54:45.918 T:1346     info <general>: JSONRPC v13.0.0: Successfully initialized
2026-07-23 14:54:45.918 T:1346     info <general>: [Media Detection] starting service for optical media detection
2026-07-23 14:54:45.961 T:1346     info <general>: Register - new keyboard device registered on application->keyboard: Keyboard (0000:0000)
2026-07-23 14:54:45.965 T:1346     info <general>: Register - new mouse device registered on application->mouse: Mouse (0000:0000)
2026-07-23 14:54:45.971 T:1346     info <general>: Loading player core factory settings from special://xbmc/system/playercorefactory.xml.
2026-07-23 14:54:45.975 T:1346     info <general>: Loaded playercorefactory configuration
2026-07-23 14:54:45.975 T:1346     info <general>: Loading player core factory settings from special://masterprofile/playercorefactory.xml.
2026-07-23 14:54:45.975 T:1346     info <general>: special://masterprofile/playercorefactory.xml does not exist. Skipping.
2026-07-23 14:54:45.975 T:1346     info <general>: removing tempfiles
2026-07-23 14:54:45.981 T:1782     info <general>: Register - new cec device registered on cec->/dev/cec0: CEC Adapter (0000:0000)
2026-07-23 14:54:45.986 T:1782     info <general>: Register - new cec device registered on cec->/dev/cec1: CEC Adapter (0000:0000)
2026-07-23 14:54:46.012 T:1777    error <general>: CCurlFile::CReadState::FillBuffer - (0x7f64025550) Failed: Couldn't resolve host name(6)
2026-07-23 14:54:46.012 T:1777    error <general>: CCurlFile::Open - <http://mirrors.kodi.tv/addons/nexus/addons.xml.gz?sha256> Failed with code 0:
                                                   
2026-07-23 14:54:46.012 T:1777    error <general>: CRepository: failed read 'http://mirrors.kodi.tv/addons/nexus/addons.xml.gz?sha256'
2026-07-23 14:54:46.037 T:1346     info <general>: initialize done
2026-07-23 14:54:46.037 T:1346     info <general>: Running the application...
2026-07-23 14:54:46.049 T:1346     info <general>: starting zeroconf publishing
2026-07-23 14:54:46.064 T:1804     info <general>: ES: Starting UDP Event server on port 9777
2026-07-23 14:54:46.065 T:1804     info <general>: UDP: Listening on port 9777 (ipv6 : false)
2026-07-23 14:54:46.065 T:1346     info <general>: JSONRPC Server: Successfully initialized
2026-07-23 14:54:46.067 T:1346     info <CWebserver[8080]>: Started
2026-07-23 14:54:46.069 T:1346     info <general>: CWSDiscoveryListenerUDP::Start - Started
2026-07-23 14:54:46.302 T:1771     info <general>: CActiveAESink::OpenSink - initialize sink
2026-07-23 14:54:46.385 T:1771     info <general>: PulseAudio: Opened device Default in pcm mode with Buffersize 150 ms Periodsize 50 ms
2026-07-23 14:55:31.433 T:1770  warning <general>: Pulseaudio module module-allow-passthrough not loaded - opening PT devices might fail
2026-07-23 14:55:31.436 T:1770     info <general>: Found 1 Lists of Devices
2026-07-23 14:55:31.437 T:1770     info <general>: Enumerated PULSE devices:
2026-07-23 14:55:31.437 T:1770     info <general>:     Device 1
2026-07-23 14:55:31.437 T:1770     info <general>:         m_deviceName      : Default
2026-07-23 14:55:31.437 T:1770     info <general>:         m_displayName     : Default
2026-07-23 14:55:31.437 T:1770     info <general>:         m_displayNameExtra: Default Output Device (PULSEAUDIO)
2026-07-23 14:55:31.437 T:1770     info <general>:         m_deviceType      : AE_DEVTYPE_PCM
2026-07-23 14:55:31.437 T:1770     info <general>:         m_channels        : FL, FR
2026-07-23 14:55:31.437 T:1770     info <general>:         m_sampleRates     : 5512,8000,11025,16000,22050,32000,44100,48000,64000,88200,96000,176400,192000,384000
2026-07-23 14:55:31.437 T:1770     info <general>:         m_dataFormats     : AE_FMT_U8,AE_FMT_S16NE,AE_FMT_S24NE3,AE_FMT_S24NE4,AE_FMT_S32NE,AE_FMT_FLOAT
2026-07-23 14:55:31.437 T:1770     info <general>:         m_streamTypes     : No passthrough capabilities
2026-07-23 14:55:31.437 T:1770     info <general>:     Device 2
2026-07-23 14:55:31.437 T:1770     info <general>:         m_deviceName      : alsa_output.platform-fe00b840.mailbox.stereo-fallback
2026-07-23 14:55:31.437 T:1770     info <general>:         m_displayName     : Built-in Audio Stereo
2026-07-23 14:55:31.437 T:1770     info <general>:         m_displayNameExtra: Analog Output (PULSEAUDIO)
2026-07-23 14:55:31.437 T:1770     info <general>:         m_deviceType      : AE_DEVTYPE_PCM
2026-07-23 14:55:31.437 T:1770     info <general>:         m_channels        : FL, FR
2026-07-23 14:55:31.437 T:1770     info <general>:         m_sampleRates     : 5512,8000,11025,16000,22050,32000,44100,48000,64000,88200,96000,176400,192000,384000
2026-07-23 14:55:31.437 T:1770     info <general>:         m_dataFormats     : AE_FMT_U8,AE_FMT_S16NE,AE_FMT_S24NE3,AE_FMT_S24NE4,AE_FMT_S32NE,AE_FMT_FLOAT
2026-07-23 14:55:31.437 T:1770     info <general>:         m_streamTypes     : No passthrough capabilities
2026-07-23 14:55:31.437 T:1770     info <general>:     Device 3
2026-07-23 14:55:31.437 T:1770     info <general>:         m_deviceName      : alsa_output.platform-fef00700.hdmi.hdmi-stereo
2026-07-23 14:55:31.437 T:1770     info <general>:         m_displayName     : Built-in Audio Digital Stereo (HDMI)
2026-07-23 14:55:31.437 T:1770     info <general>:         m_displayNameExtra: HDMI / DisplayPort (PULSEAUDIO)
2026-07-23 14:55:31.437 T:1770     info <general>:         m_deviceType      : AE_DEVTYPE_IEC958
2026-07-23 14:55:31.437 T:1770     info <general>:         m_channels        : FL, FR
2026-07-23 14:55:31.437 T:1770     info <general>:         m_sampleRates     : 5512,8000,11025,16000,22050,32000,44100,48000,64000,88200,96000,176400,192000,384000
2026-07-23 14:55:31.437 T:1770     info <general>:         m_dataFormats     : AE_FMT_U8,AE_FMT_S16NE,AE_FMT_S24NE3,AE_FMT_S24NE4,AE_FMT_S32NE,AE_FMT_FLOAT,AE_FMT_RAW
2026-07-23 14:55:31.437 T:1770     info <general>:         m_streamTypes     : STREAM_TYPE_DTSHD_CORE,STREAM_TYPE_DTS_1024,STREAM_TYPE_DTS_512,STREAM_TYPE_DTS_2048,STREAM_TYPE_AC3,STREAM_TYPE_EAC3
2026-07-23 14:55:31.438 T:1771     info <general>: CActiveAESink::OpenSink - initialize sink
2026-07-23 14:55:31.498 T:1771     info <general>: PulseAudio: Opened device Default in pcm mode with Buffersize 150 ms Periodsize 50 ms
2026-07-23 14:55:31.640 T:1770  warning <general>: Pulseaudio module module-allow-passthrough not loaded - opening PT devices might fail
2026-07-23 14:55:31.643 T:1770     info <general>: Found 1 Lists of Devices
2026-07-23 14:55:31.643 T:1770     info <general>: Enumerated PULSE devices:
2026-07-23 14:55:31.643 T:1770     info <general>:     Device 1
2026-07-23 14:55:31.643 T:1770     info <general>:         m_deviceName      : Default
2026-07-23 14:55:31.643 T:1770     info <general>:         m_displayName     : Default
2026-07-23 14:55:31.643 T:1770     info <general>:         m_displayNameExtra: Default Output Device (PULSEAUDIO)
2026-07-23 14:55:31.643 T:1770     info <general>:         m_deviceType      : AE_DEVTYPE_PCM
2026-07-23 14:55:31.643 T:1770     info <general>:         m_channels        : FL, FR
2026-07-23 14:55:31.643 T:1770     info <general>:         m_sampleRates     : 5512,8000,11025,16000,22050,32000,44100,48000,64000,88200,96000,176400,192000,384000
2026-07-23 14:55:31.643 T:1770     info <general>:         m_dataFormats     : AE_FMT_U8,AE_FMT_S16NE,AE_FMT_S24NE3,AE_FMT_S24NE4,AE_FMT_S32NE,AE_FMT_FLOAT
2026-07-23 14:55:31.643 T:1770     info <general>:         m_streamTypes     : No passthrough capabilities
2026-07-23 14:55:31.643 T:1770     info <general>:     Device 2
2026-07-23 14:55:31.643 T:1770     info <general>:         m_deviceName      : alsa_output.platform-fe00b840.mailbox.stereo-fallback
2026-07-23 14:55:31.643 T:1770     info <general>:         m_displayName     : Built-in Audio Stereo
2026-07-23 14:55:31.643 T:1770     info <general>:         m_displayNameExtra: Analog Output (PULSEAUDIO)
2026-07-23 14:55:31.643 T:1770     info <general>:         m_deviceType      : AE_DEVTYPE_PCM
2026-07-23 14:55:31.643 T:1770     info <general>:         m_channels        : FL, FR
2026-07-23 14:55:31.643 T:1770     info <general>:         m_sampleRates     : 5512,8000,11025,16000,22050,32000,44100,48000,64000,88200,96000,176400,192000,384000
2026-07-23 14:55:31.643 T:1770     info <general>:         m_dataFormats     : AE_FMT_U8,AE_FMT_S16NE,AE_FMT_S24NE3,AE_FMT_S24NE4,AE_FMT_S32NE,AE_FMT_FLOAT
2026-07-23 14:55:31.643 T:1770     info <general>:         m_streamTypes     : No passthrough capabilities
2026-07-23 14:55:31.643 T:1770     info <general>:     Device 3
2026-07-23 14:55:31.643 T:1770     info <general>:         m_deviceName      : alsa_output.platform-fef00700.hdmi.hdmi-stereo
2026-07-23 14:55:31.643 T:1770     info <general>:         m_displayName     : Built-in Audio Digital Stereo (HDMI)
2026-07-23 14:55:31.643 T:1770     info <general>:         m_displayNameExtra: HDMI / DisplayPort (PULSEAUDIO)
2026-07-23 14:55:31.643 T:1770     info <general>:         m_deviceType      : AE_DEVTYPE_IEC958
2026-07-23 14:55:31.643 T:1770     info <general>:         m_channels        : FL, FR
2026-07-23 14:55:31.643 T:1770     info <general>:         m_sampleRates     : 5512,8000,11025,16000,22050,32000,44100,48000,64000,88200,96000,176400,192000,384000
2026-07-23 14:55:31.643 T:1770     info <general>:         m_dataFormats     : AE_FMT_U8,AE_FMT_S16NE,AE_FMT_S24NE3,AE_FMT_S24NE4,AE_FMT_S32NE,AE_FMT_FLOAT,AE_FMT_RAW
2026-07-23 14:55:31.643 T:1770     info <general>:         m_streamTypes     : STREAM_TYPE_DTSHD_CORE,STREAM_TYPE_DTS_1024,STREAM_TYPE_DTS_512,STREAM_TYPE_DTS_2048,STREAM_TYPE_AC3,STREAM_TYPE_EAC3
2026-07-23 14:55:31.643 T:1770     info <general>:     Device 4
2026-07-23 14:55:31.643 T:1770     info <general>:         m_deviceName      : alsa_output.platform-fef05700.hdmi.hdmi-stereo
2026-07-23 14:55:31.643 T:1770     info <general>:         m_displayName     : Built-in Audio Digital Stereo (HDMI)
2026-07-23 14:55:31.643 T:1770     info <general>:         m_displayNameExtra: HDMI / DisplayPort (PULSEAUDIO)
2026-07-23 14:55:31.643 T:1770     info <general>:         m_deviceType      : AE_DEVTYPE_PCM
2026-07-23 14:55:31.643 T:1770     info <general>:         m_channels        : FL, FR
2026-07-23 14:55:31.643 T:1770     info <general>:         m_sampleRates     : 5512,8000,11025,16000,22050,32000,44100,48000,64000,88200,96000,176400,192000,384000
2026-07-23 14:55:31.643 T:1770     info <general>:         m_dataFormats     : AE_FMT_U8,AE_FMT_S16NE,AE_FMT_S24NE3,AE_FMT_S24NE4,AE_FMT_S32NE,AE_FMT_FLOAT
2026-07-23 14:55:31.643 T:1770     info <general>:         m_streamTypes     : No passthrough capabilities
2026-07-23 14:55:31.645 T:1771     info <general>: CActiveAESink::OpenSink - initialize sink
2026-07-23 14:55:31.701 T:1771     info <general>: PulseAudio: Opened device Default in pcm mode with Buffersize 150 ms Periodsize 50 ms
2026-07-23 14:55:32.388 T:1741  critical <general>: Exception in Wayland message pump, exiting: poll() signalled error condition on Wayland socket


############### END LOG FILE ################

############ END Kodi CRASH LOG #############
