############## Kodi CRASH LOG ###############

################ SYSTEM INFO ################
 Date: Tue 26 May 14:59:13 IST 2026
 Kodi Options: 
 Arch: aarch64
 Kernel: Linux 6.12.25+rpt-rpi-v8 #1 SMP PREEMPT Debian 1:6.12.25-1+rpt1 (2025-04-30)
 Release: Debian GNU/Linux 12 (bookworm)
############## END SYSTEM INFO ##############

############### STACK TRACE #################
=====>  Core file: /home/jasminuser/core (2026-05-26 14:59:04.159359392 +0530)
        =========================================
[New LWP 5380]
[New LWP 5426]
[New LWP 5378]
[New LWP 5404]
[New LWP 5437]
[New LWP 5430]
[New LWP 5446]
[New LWP 5381]
[New LWP 6168]
[New LWP 5428]
[New LWP 5432]
[New LWP 5429]
[New LWP 5427]
[New LWP 5433]
[New LWP 5436]
[New LWP 5435]
[New LWP 5442]
[New LWP 5438]
[New LWP 5440]
[New LWP 5377]
[New LWP 5471]
[New LWP 5452]
[New LWP 5443]
[New LWP 5391]
[New LWP 5472]
[New LWP 5825]
[New LWP 5444]
[New LWP 5393]
[Thread debugging using libthread_db enabled]
Using host libthread_db library "/lib/aarch64-linux-gnu/libthread_db.so.1".
Core was generated by `/usr/lib/aarch64-linux-gnu/kodi/kodi.bin'.
Program terminated with signal SIGSEGV, Segmentation fault.
#0  0x00000055668c92c4 in SinkCallback(pa_context*, pa_subscription_event_type, unsigned int, void*) ()
[Current thread is 1 (Thread 0x7f9d58e3c0 (LWP 5380))]

Thread 28 (Thread 0x7f8b7ee3c0 (LWP 5393)):
#0  0x0000007fb55dda54 in __GI___poll (fds=0x7f8b7ed450, nfds=2, timeout=<optimized out>) at ../sysdeps/unix/sysv/linux/poll.c:41
#1  0x0000005566901744 in (anonymous namespace)::CWinEventsWaylandThread::Process() ()
#2  0x0000005565d63ae8 in CThread::Action() ()
#3  0x0000005565d64f48 in CThread::Create(bool)::{lambda(CThread*, std::promise<bool>)#1}::operator()(CThread*, std::promise<bool>) const [clone .constprop.0] ()
#4  0x0000005565d65918 in std::thread::_State_impl<std::thread::_Invoker<std::tuple<CThread::Create(bool)::{lambda(CThread*, std::promise<bool>)#1}, CThread*, std::promise<bool> > > >::_M_run() ()
#5  0x0000007fb53ae9dc in ?? () from /lib/aarch64-linux-gnu/libstdc++.so.6
#6  0x0000007fb557eea0 in start_thread (arg=0x7fe015adb7) at ./nptl/pthread_create.c:442
#7  0x0000007fb55e7b1c in thread_start () at ../sysdeps/unix/sysv/linux/aarch64/clone.S:79

Thread 27 (Thread 0x7f417ae3c0 (LWP 5444)):
#0  0x0000007fb557b6f4 in __futex_abstimed_wait_common64 (private=0, cancel=true, abstime=0x7f417ada88, op=393, expected=0, futex_word=0x7f417adad8) at ./nptl/futex-internal.c:57
#1  __futex_abstimed_wait_common (cancel=true, private=0, abstime=0x7f417ada88, clockid=-1252542764, expected=0, futex_word=0x7f417adad8) at ./nptl/futex-internal.c:87
#2  __GI___futex_abstimed_wait_cancelable64 (futex_word=futex_word@entry=0x7f417adad8, expected=expected@entry=0, clockid=clockid@entry=0, abstime=abstime@entry=0x7f417ada88, private=private@entry=0) at ./nptl/futex-internal.c:139
#3  0x0000007fb557e520 in __pthread_cond_wait_common (abstime=0x7f417ada88, clockid=0, mutex=0x7f417adae0, cond=0x7f417adab0) at ./nptl/pthread_cond_wait.c:503
#4  ___pthread_cond_timedwait64 (cond=0x7f417adab0, mutex=0x7f417adae0, abstime=0x7f417ada88) at ./nptl/pthread_cond_wait.c:643
#5  0x0000007fb99bf8e0 in CEC::CCECStandbyProtection::Process() () from /lib/aarch64-linux-gnu/libcec.so.6
#6  0x0000007fb99bd92c in P8PLATFORM::CThread::ThreadHandler(void*) () from /lib/aarch64-linux-gnu/libcec.so.6
#7  0x0000007fb557eea0 in start_thread (arg=0x7f41fbd987) at ./nptl/pthread_create.c:442
#8  0x0000007fb55e7b1c in thread_start () at ../sysdeps/unix/sysv/linux/aarch64/clone.S:79

Thread 26 (Thread 0x7f6f1e03c0 (LWP 5825)):
#0  0x0000007fb557b6f4 in __futex_abstimed_wait_common64 (private=0, cancel=true, abstime=0x0, op=393, expected=0, futex_word=0x557d387f40) at ./nptl/futex-internal.c:57
#1  __futex_abstimed_wait_common (cancel=true, private=0, abstime=0x0, clockid=0, expected=0, futex_word=0x557d387f40) at ./nptl/futex-internal.c:87
#2  __GI___futex_abstimed_wait_cancelable64 (futex_word=futex_word@entry=0x557d387f40, expected=expected@entry=0, clockid=clockid@entry=0, abstime=abstime@entry=0x0, private=private@entry=0) at ./nptl/futex-internal.c:139
#3  0x0000007fb557e230 in __pthread_cond_wait_common (abstime=0x0, clockid=0, mutex=0x557d387ee0, cond=0x557d387f18) at ./nptl/pthread_cond_wait.c:503
#4  ___pthread_cond_wait (cond=0x557d387f18, mutex=0x557d387ee0) at ./nptl/pthread_cond_wait.c:618
#5  0x0000007fabce6da0 in ?? () from /lib/aarch64-linux-gnu/libgallium-24.2.8-1~bpo12+rpt2.so
#6  0x0000007fabcc7df8 in ?? () from /lib/aarch64-linux-gnu/libgallium-24.2.8-1~bpo12+rpt2.so
#7  0x0000007fabce6c80 in ?? () from /lib/aarch64-linux-gnu/libgallium-24.2.8-1~bpo12+rpt2.so
#8  0x0000007fb557eea0 in start_thread (arg=0x7fe0159887) at ./nptl/pthread_create.c:442
#9  0x0000007fb55e7b1c in thread_start () at ../sysdeps/unix/sysv/linux/aarch64/clone.S:79
